###############################################################################
#                                                                             #
# IAR ELF Linker V6.40.2.53884/W32 for ARM              08/Feb/2013  15:50:37 #
# Copyright 2007-2012 IAR Systems AB.                                         #
#                                                                             #
#    Output file  =  C:\Working\GES\MPPT\F4\stm32f4discovery_fw1\STM32F4-Disc #
#                    overy_FW_V1.1.0\Project\Peripheral_Examples\TIM_Compleme #
#                    ntarySignals\EWARM\TIM_ComplementarySignals\Exe\TIM_Comp #
#                    lementarySignals.out                                     #
#    Map file     =  C:\Working\GES\MPPT\F4\stm32f4discovery_fw1\STM32F4-Disc #
#                    overy_FW_V1.1.0\Project\Peripheral_Examples\TIM_Compleme #
#                    ntarySignals\EWARM\TIM_ComplementarySignals\List\TIM_Com #
#                    plementarySignals.map                                    #
#    Command line =  C:\Working\GES\MPPT\F4\stm32f4discovery_fw1\STM32F4-Disc #
#                    overy_FW_V1.1.0\Project\Peripheral_Examples\TIM_Compleme #
#                    ntarySignals\EWARM\TIM_ComplementarySignals\Obj\HD44780. #
#                    o C:\Working\GES\MPPT\F4\stm32f4discovery_fw1\STM32F4-Di #
#                    scovery_FW_V1.1.0\Project\Peripheral_Examples\TIM_Comple #
#                    mentarySignals\EWARM\TIM_ComplementarySignals\Obj\main.o #
#                     C:\Working\GES\MPPT\F4\stm32f4discovery_fw1\STM32F4-Dis #
#                    covery_FW_V1.1.0\Project\Peripheral_Examples\TIM_Complem #
#                    entarySignals\EWARM\TIM_ComplementarySignals\Obj\misc.o  #
#                    C:\Working\GES\MPPT\F4\stm32f4discovery_fw1\STM32F4-Disc #
#                    overy_FW_V1.1.0\Project\Peripheral_Examples\TIM_Compleme #
#                    ntarySignals\EWARM\TIM_ComplementarySignals\Obj\startup_ #
#                    stm32f4xx.o C:\Working\GES\MPPT\F4\stm32f4discovery_fw1\ #
#                    STM32F4-Discovery_FW_V1.1.0\Project\Peripheral_Examples\ #
#                    TIM_ComplementarySignals\EWARM\TIM_ComplementarySignals\ #
#                    Obj\stm32f4_discovery.o C:\Working\GES\MPPT\F4\stm32f4di #
#                    scovery_fw1\STM32F4-Discovery_FW_V1.1.0\Project\Peripher #
#                    al_Examples\TIM_ComplementarySignals\EWARM\TIM_Complemen #
#                    tarySignals\Obj\stm32f4xx_adc.o                          #
#                    C:\Working\GES\MPPT\F4\stm32f4discovery_fw1\STM32F4-Disc #
#                    overy_FW_V1.1.0\Project\Peripheral_Examples\TIM_Compleme #
#                    ntarySignals\EWARM\TIM_ComplementarySignals\Obj\stm32f4x #
#                    x_can.o C:\Working\GES\MPPT\F4\stm32f4discovery_fw1\STM3 #
#                    2F4-Discovery_FW_V1.1.0\Project\Peripheral_Examples\TIM_ #
#                    ComplementarySignals\EWARM\TIM_ComplementarySignals\Obj\ #
#                    stm32f4xx_crc.o C:\Working\GES\MPPT\F4\stm32f4discovery_ #
#                    fw1\STM32F4-Discovery_FW_V1.1.0\Project\Peripheral_Examp #
#                    les\TIM_ComplementarySignals\EWARM\TIM_ComplementarySign #
#                    als\Obj\stm32f4xx_cryp.o C:\Working\GES\MPPT\F4\stm32f4d #
#                    iscovery_fw1\STM32F4-Discovery_FW_V1.1.0\Project\Periphe #
#                    ral_Examples\TIM_ComplementarySignals\EWARM\TIM_Compleme #
#                    ntarySignals\Obj\stm32f4xx_cryp_aes.o                    #
#                    C:\Working\GES\MPPT\F4\stm32f4discovery_fw1\STM32F4-Disc #
#                    overy_FW_V1.1.0\Project\Peripheral_Examples\TIM_Compleme #
#                    ntarySignals\EWARM\TIM_ComplementarySignals\Obj\stm32f4x #
#                    x_cryp_des.o C:\Working\GES\MPPT\F4\stm32f4discovery_fw1 #
#                    \STM32F4-Discovery_FW_V1.1.0\Project\Peripheral_Examples #
#                    \TIM_ComplementarySignals\EWARM\TIM_ComplementarySignals #
#                    \Obj\stm32f4xx_cryp_tdes.o C:\Working\GES\MPPT\F4\stm32f #
#                    4discovery_fw1\STM32F4-Discovery_FW_V1.1.0\Project\Perip #
#                    heral_Examples\TIM_ComplementarySignals\EWARM\TIM_Comple #
#                    mentarySignals\Obj\stm32f4xx_dac.o                       #
#                    C:\Working\GES\MPPT\F4\stm32f4discovery_fw1\STM32F4-Disc #
#                    overy_FW_V1.1.0\Project\Peripheral_Examples\TIM_Compleme #
#                    ntarySignals\EWARM\TIM_ComplementarySignals\Obj\stm32f4x #
#                    x_dbgmcu.o C:\Working\GES\MPPT\F4\stm32f4discovery_fw1\S #
#                    TM32F4-Discovery_FW_V1.1.0\Project\Peripheral_Examples\T #
#                    IM_ComplementarySignals\EWARM\TIM_ComplementarySignals\O #
#                    bj\stm32f4xx_dcmi.o C:\Working\GES\MPPT\F4\stm32f4discov #
#                    ery_fw1\STM32F4-Discovery_FW_V1.1.0\Project\Peripheral_E #
#                    xamples\TIM_ComplementarySignals\EWARM\TIM_Complementary #
#                    Signals\Obj\stm32f4xx_dma.o                              #
#                    C:\Working\GES\MPPT\F4\stm32f4discovery_fw1\STM32F4-Disc #
#                    overy_FW_V1.1.0\Project\Peripheral_Examples\TIM_Compleme #
#                    ntarySignals\EWARM\TIM_ComplementarySignals\Obj\stm32f4x #
#                    x_exti.o C:\Working\GES\MPPT\F4\stm32f4discovery_fw1\STM #
#                    32F4-Discovery_FW_V1.1.0\Project\Peripheral_Examples\TIM #
#                    _ComplementarySignals\EWARM\TIM_ComplementarySignals\Obj #
#                    \stm32f4xx_flash.o C:\Working\GES\MPPT\F4\stm32f4discove #
#                    ry_fw1\STM32F4-Discovery_FW_V1.1.0\Project\Peripheral_Ex #
#                    amples\TIM_ComplementarySignals\EWARM\TIM_ComplementaryS #
#                    ignals\Obj\stm32f4xx_fsmc.o                              #
#                    C:\Working\GES\MPPT\F4\stm32f4discovery_fw1\STM32F4-Disc #
#                    overy_FW_V1.1.0\Project\Peripheral_Examples\TIM_Compleme #
#                    ntarySignals\EWARM\TIM_ComplementarySignals\Obj\stm32f4x #
#                    x_gpio.o C:\Working\GES\MPPT\F4\stm32f4discovery_fw1\STM #
#                    32F4-Discovery_FW_V1.1.0\Project\Peripheral_Examples\TIM #
#                    _ComplementarySignals\EWARM\TIM_ComplementarySignals\Obj #
#                    \stm32f4xx_hash.o C:\Working\GES\MPPT\F4\stm32f4discover #
#                    y_fw1\STM32F4-Discovery_FW_V1.1.0\Project\Peripheral_Exa #
#                    mples\TIM_ComplementarySignals\EWARM\TIM_ComplementarySi #
#                    gnals\Obj\stm32f4xx_hash_md5.o                           #
#                    C:\Working\GES\MPPT\F4\stm32f4discovery_fw1\STM32F4-Disc #
#                    overy_FW_V1.1.0\Project\Peripheral_Examples\TIM_Compleme #
#                    ntarySignals\EWARM\TIM_ComplementarySignals\Obj\stm32f4x #
#                    x_hash_sha1.o C:\Working\GES\MPPT\F4\stm32f4discovery_fw #
#                    1\STM32F4-Discovery_FW_V1.1.0\Project\Peripheral_Example #
#                    s\TIM_ComplementarySignals\EWARM\TIM_ComplementarySignal #
#                    s\Obj\stm32f4xx_i2c.o C:\Working\GES\MPPT\F4\stm32f4disc #
#                    overy_fw1\STM32F4-Discovery_FW_V1.1.0\Project\Peripheral #
#                    _Examples\TIM_ComplementarySignals\EWARM\TIM_Complementa #
#                    rySignals\Obj\stm32f4xx_it.o                             #
#                    C:\Working\GES\MPPT\F4\stm32f4discovery_fw1\STM32F4-Disc #
#                    overy_FW_V1.1.0\Project\Peripheral_Examples\TIM_Compleme #
#                    ntarySignals\EWARM\TIM_ComplementarySignals\Obj\stm32f4x #
#                    x_iwdg.o C:\Working\GES\MPPT\F4\stm32f4discovery_fw1\STM #
#                    32F4-Discovery_FW_V1.1.0\Project\Peripheral_Examples\TIM #
#                    _ComplementarySignals\EWARM\TIM_ComplementarySignals\Obj #
#                    \stm32f4xx_pwr.o C:\Working\GES\MPPT\F4\stm32f4discovery #
#                    _fw1\STM32F4-Discovery_FW_V1.1.0\Project\Peripheral_Exam #
#                    ples\TIM_ComplementarySignals\EWARM\TIM_ComplementarySig #
#                    nals\Obj\stm32f4xx_rcc.o C:\Working\GES\MPPT\F4\stm32f4d #
#                    iscovery_fw1\STM32F4-Discovery_FW_V1.1.0\Project\Periphe #
#                    ral_Examples\TIM_ComplementarySignals\EWARM\TIM_Compleme #
#                    ntarySignals\Obj\stm32f4xx_rng.o                         #
#                    C:\Working\GES\MPPT\F4\stm32f4discovery_fw1\STM32F4-Disc #
#                    overy_FW_V1.1.0\Project\Peripheral_Examples\TIM_Compleme #
#                    ntarySignals\EWARM\TIM_ComplementarySignals\Obj\stm32f4x #
#                    x_rtc.o C:\Working\GES\MPPT\F4\stm32f4discovery_fw1\STM3 #
#                    2F4-Discovery_FW_V1.1.0\Project\Peripheral_Examples\TIM_ #
#                    ComplementarySignals\EWARM\TIM_ComplementarySignals\Obj\ #
#                    stm32f4xx_sdio.o C:\Working\GES\MPPT\F4\stm32f4discovery #
#                    _fw1\STM32F4-Discovery_FW_V1.1.0\Project\Peripheral_Exam #
#                    ples\TIM_ComplementarySignals\EWARM\TIM_ComplementarySig #
#                    nals\Obj\stm32f4xx_spi.o C:\Working\GES\MPPT\F4\stm32f4d #
#                    iscovery_fw1\STM32F4-Discovery_FW_V1.1.0\Project\Periphe #
#                    ral_Examples\TIM_ComplementarySignals\EWARM\TIM_Compleme #
#                    ntarySignals\Obj\stm32f4xx_syscfg.o                      #
#                    C:\Working\GES\MPPT\F4\stm32f4discovery_fw1\STM32F4-Disc #
#                    overy_FW_V1.1.0\Project\Peripheral_Examples\TIM_Compleme #
#                    ntarySignals\EWARM\TIM_ComplementarySignals\Obj\stm32f4x #
#                    x_tim.o C:\Working\GES\MPPT\F4\stm32f4discovery_fw1\STM3 #
#                    2F4-Discovery_FW_V1.1.0\Project\Peripheral_Examples\TIM_ #
#                    ComplementarySignals\EWARM\TIM_ComplementarySignals\Obj\ #
#                    stm32f4xx_usart.o C:\Working\GES\MPPT\F4\stm32f4discover #
#                    y_fw1\STM32F4-Discovery_FW_V1.1.0\Project\Peripheral_Exa #
#                    mples\TIM_ComplementarySignals\EWARM\TIM_ComplementarySi #
#                    gnals\Obj\stm32f4xx_wwdg.o C:\Working\GES\MPPT\F4\stm32f #
#                    4discovery_fw1\STM32F4-Discovery_FW_V1.1.0\Project\Perip #
#                    heral_Examples\TIM_ComplementarySignals\EWARM\TIM_Comple #
#                    mentarySignals\Obj\system_stm32f4xx.o -o                 #
#                    C:\Working\GES\MPPT\F4\stm32f4discovery_fw1\STM32F4-Disc #
#                    overy_FW_V1.1.0\Project\Peripheral_Examples\TIM_Compleme #
#                    ntarySignals\EWARM\TIM_ComplementarySignals\Exe\TIM_Comp #
#                    lementarySignals.out --map C:\Working\GES\MPPT\F4\stm32f #
#                    4discovery_fw1\STM32F4-Discovery_FW_V1.1.0\Project\Perip #
#                    heral_Examples\TIM_ComplementarySignals\EWARM\TIM_Comple #
#                    mentarySignals\List\TIM_ComplementarySignals.map         #
#                    --config C:\Working\GES\MPPT\F4\stm32f4discovery_fw1\STM #
#                    32F4-Discovery_FW_V1.1.0\Project\Peripheral_Examples\TIM #
#                    _ComplementarySignals\EWARM\stm32f4xx_flash.icf          #
#                    --semihosting --entry __iar_program_start --redirect     #
#                    __iar_sh_stdout=__iar_sh_stdout_swo "C:\Program Files    #
#                    (x86)\IAR Systems\Embedded Workbench                     #
#                    6.4\arm\CMSIS\Lib\IAR\iar_cortexM4lf_math.a" --vfe       #
#                                                                             #
#                                                                             #
###############################################################################

*******************************************************************************
*** RUNTIME MODEL ATTRIBUTES
***

CppFlavor       = *
__SystemLibrary = DLib


*******************************************************************************
*** PLACEMENT SUMMARY
***

"A1":  place at 0x08000000 { ro section .intvec };
"P1":  place in [from 0x08000000 to 0x080fffff] { ro };
"P2":  place in [from 0x20000000 to 0x20020000] { rw, block CSTACK, block HEAP };

  Section            Kind        Address    Size  Object
  -------            ----        -------    ----  ------
"A1":                                      0x188
  .intvec            ro code  0x08000000   0x188  startup_stm32f4xx.o [1]
                            - 0x08000188   0x188

"P1":                                     0x3748
  .text              ro code  0x08000188   0xcdc  main.o [1]
  .text              ro code  0x08000e64   0x28c  HD44780.o [1]
  .text              ro code  0x080010f0    0x24  printf.o [3]
  .text              ro code  0x08001114    0x4e  FltToDbl.o [4]
  .text              ro code  0x08001162    0x22  zero_init3.o [5]
  .text              ro code  0x08001184   0x11e  stm32f4xx_gpio.o [1]
  .text              ro code  0x080012a2     0xa  xsprout.o [3]
  .text              ro code  0x080012ac    0x68  stm32f4xx_rcc.o [1]
  .text              ro code  0x08001314   0x27e  stm32f4xx_tim.o [1]
  .text              ro code  0x08001594   0x214  stm32f4xx_dma.o [1]
  .text              ro code  0x080017a8   0x1d8  stm32f4xx_adc.o [1]
  .text              ro code  0x08001980    0x76  ABImemcpy.o [5]
  .text              ro code  0x080019f8    0x36  strlen.o [5]
  .text              ro code  0x08001a30    0x2c  vsprintf.o [3]
  .text              ro code  0x08001a5c   0xcce  xprintffull_nomb.o [3]
  .text              ro code  0x0800272c    0x16  strchr.o [5]
  .text              ro code  0x08002744    0x58  memchr.o [5]
  .text              ro code  0x0800279c    0xee  I64DivMod.o [5]
  .text              ro code  0x0800288a    0x42  xdnorm.o [4]
  .text              ro code  0x080028cc    0x2e  DblCmpLe.o [4]
  .text              ro code  0x080028fc    0x2e  DblCmpGe.o [4]
  .text              ro code  0x0800292c   0x114  xdscale.o [4]
  .text              ro code  0x08002a40    0x58  DblToI32.o [4]
  .text              ro code  0x08002a98    0x30  I32ToDbl.o [4]
  .text              ro code  0x08002ac8   0x180  DblSub.o [4]
  .text              ro code  0x08002c48   0x1a2  DblMul.o [4]
  .text              ro code  0x08002dec   0x246  DblDiv.o [4]
  .text              ro code  0x08003032     0xe  div.o [3]
  .text              ro code  0x08003040     0x2  I64DivZer.o [5]
  .text              ro code  0x08003044    0xd4  DblAdd.o [4]
  .text              ro code  0x08003118   0x144  system_stm32f4xx.o [1]
  .text              ro code  0x0800325c    0xa8  stm32f4xx_it.o [1]
  .text              ro code  0x08003304    0x70  stm32f4xx_rtc.o [1]
  .text              ro code  0x08003374    0x28  stm32f4_discovery.o [1]
  .text              ro code  0x0800339c     0xc  stm32f4xx_exti.o [1]
  .text              ro code  0x080033a8    0xa6  packbits_init3.o [5]
  .text              ro code  0x08003450    0x4c  iarwstdswo.o [6]
  .text              ro code  0x0800349c    0x28  putchar.o [3]
  .text              ro code  0x080034c4    0x10  write.o [6]
  .text              ro code  0x080034d4    0x1e  dwrite.o [6]
  .text              ro code  0x080034f2    0x22  iarwrite.o [6]
  .text              ro code  0x08003514    0x28  data_init3.o [5]
  .iar.init_table    const    0x0800353c    0x2c  - Linker created -
  .rodata            const    0x08003568    0x20  main.o [1]
  .rodata            const    0x08003588    0x1c  main.o [1]
  .rodata            const    0x080035a4    0x1c  main.o [1]
  .rodata            const    0x080035c0    0x1c  main.o [1]
  .text              ro code  0x080035dc    0x1a  fpinit_M.o [4]
  .rodata            const    0x080035f8    0x18  main.o [1]
  .rodata            const    0x08003610    0x18  main.o [1]
  .text              ro code  0x08003628    0x16  cmain.o [5]
  .text              ro code  0x0800363e     0x4  low_level_init.o [3]
  .text              ro code  0x08003642     0x4  exit.o [3]
  .text              ro code  0x08003648     0xa  cexit.o [5]
  .text              ro code  0x08003654    0x14  exit.o [6]
  .text              ro code  0x08003668    0x16  xprout.o [3]
  .rodata            const    0x08003680    0x14  main.o [1]
  .rodata            const    0x08003694    0x14  main.o [1]
  .rodata            const    0x080036a8    0x14  main.o [1]
  .rodata            const    0x080036bc    0x10  HD44780.o [1]
  .rodata            const    0x080036cc    0x10  main.o [1]
  .text              ro code  0x080036dc    0x10  startup_stm32f4xx.o [1]
  .rodata            const    0x080036ec     0xc  main.o [1]
  .rodata            const    0x080036f8     0xc  main.o [1]
  .rodata            const    0x08003704     0xc  main.o [1]
  .rodata            const    0x08003710     0xc  main.o [1]
  .rodata            const    0x0800371c     0xc  main.o [1]
  .text              ro code  0x08003728     0xc  cstartup_M.o [5]
  .rodata            const    0x08003734     0x8  stm32f4_discovery.o [1]
  .text              ro code  0x0800373c     0x4  startup_stm32f4xx.o [1]
  .text              ro code  0x08003740     0x4  startup_stm32f4xx.o [1]
  .text              ro code  0x08003744     0x4  startup_stm32f4xx.o [1]
  .text              ro code  0x08003748     0x4  startup_stm32f4xx.o [1]
  .text              ro code  0x0800374c     0x4  startup_stm32f4xx.o [1]
  .text              ro code  0x08003750     0x4  startup_stm32f4xx.o [1]
  .text              ro code  0x08003754     0x4  startup_stm32f4xx.o [1]
  .text              ro code  0x08003758     0x4  startup_stm32f4xx.o [1]
  .text              ro code  0x0800375c     0x4  startup_stm32f4xx.o [1]
  .text              ro code  0x08003760     0x4  startup_stm32f4xx.o [1]
  .text              ro code  0x08003764     0x4  startup_stm32f4xx.o [1]
  .text              ro code  0x08003768     0x4  startup_stm32f4xx.o [1]
  .text              ro code  0x0800376c     0x4  startup_stm32f4xx.o [1]
  .text              ro code  0x08003770     0x4  startup_stm32f4xx.o [1]
  .text              ro code  0x08003774     0x4  startup_stm32f4xx.o [1]
  .text              ro code  0x08003778     0x4  startup_stm32f4xx.o [1]
  .text              ro code  0x0800377c     0x4  startup_stm32f4xx.o [1]
  .text              ro code  0x08003780     0x4  startup_stm32f4xx.o [1]
  .text              ro code  0x08003784     0x4  startup_stm32f4xx.o [1]
  .text              ro code  0x08003788     0x4  startup_stm32f4xx.o [1]
  .text              ro code  0x0800378c     0x4  startup_stm32f4xx.o [1]
  .text              ro code  0x08003790     0x4  startup_stm32f4xx.o [1]
  .text              ro code  0x08003794     0x4  startup_stm32f4xx.o [1]
  .text              ro code  0x08003798     0x4  startup_stm32f4xx.o [1]
  .text              ro code  0x0800379c     0x4  startup_stm32f4xx.o [1]
  .text              ro code  0x080037a0     0x4  startup_stm32f4xx.o [1]
  .text              ro code  0x080037a4     0x4  startup_stm32f4xx.o [1]
  .text              ro code  0x080037a8     0x4  startup_stm32f4xx.o [1]
  .text              ro code  0x080037ac     0x4  startup_stm32f4xx.o [1]
  .text              ro code  0x080037b0     0x4  startup_stm32f4xx.o [1]
  .text              ro code  0x080037b4     0x4  startup_stm32f4xx.o [1]
  .text              ro code  0x080037b8     0x4  startup_stm32f4xx.o [1]
  .text              ro code  0x080037bc     0x4  startup_stm32f4xx.o [1]
  .text              ro code  0x080037c0     0x4  startup_stm32f4xx.o [1]
  .text              ro code  0x080037c4     0x4  startup_stm32f4xx.o [1]
  .text              ro code  0x080037c8     0x4  startup_stm32f4xx.o [1]
  .text              ro code  0x080037cc     0x4  startup_stm32f4xx.o [1]
  .text              ro code  0x080037d0     0x4  startup_stm32f4xx.o [1]
  .text              ro code  0x080037d4     0x4  startup_stm32f4xx.o [1]
  .text              ro code  0x080037d8     0x4  startup_stm32f4xx.o [1]
  .text              ro code  0x080037dc     0x4  startup_stm32f4xx.o [1]
  .text              ro code  0x080037e0     0x4  startup_stm32f4xx.o [1]
  .text              ro code  0x080037e4     0x4  startup_stm32f4xx.o [1]
  .text              ro code  0x080037e8     0x4  startup_stm32f4xx.o [1]
  .text              ro code  0x080037ec     0x4  startup_stm32f4xx.o [1]
  .text              ro code  0x080037f0     0x4  startup_stm32f4xx.o [1]
  .text              ro code  0x080037f4     0x4  startup_stm32f4xx.o [1]
  .text              ro code  0x080037f8     0x4  startup_stm32f4xx.o [1]
  .text              ro code  0x080037fc     0x4  startup_stm32f4xx.o [1]
  .text              ro code  0x08003800     0x4  startup_stm32f4xx.o [1]
  .text              ro code  0x08003804     0x4  startup_stm32f4xx.o [1]
  .text              ro code  0x08003808     0x4  startup_stm32f4xx.o [1]
  .text              ro code  0x0800380c     0x4  startup_stm32f4xx.o [1]
  .text              ro code  0x08003810     0x4  startup_stm32f4xx.o [1]
  .text              ro code  0x08003814     0x4  startup_stm32f4xx.o [1]
  .text              ro code  0x08003818     0x4  startup_stm32f4xx.o [1]
  .text              ro code  0x0800381c     0x4  startup_stm32f4xx.o [1]
  .text              ro code  0x08003820     0x4  startup_stm32f4xx.o [1]
  .text              ro code  0x08003824     0x4  startup_stm32f4xx.o [1]
  .text              ro code  0x08003828     0x4  startup_stm32f4xx.o [1]
  .text              ro code  0x0800382c     0x4  startup_stm32f4xx.o [1]
  .text              ro code  0x08003830     0x4  startup_stm32f4xx.o [1]
  .text              ro code  0x08003834     0x4  startup_stm32f4xx.o [1]
  .text              ro code  0x08003838     0x4  startup_stm32f4xx.o [1]
  .text              ro code  0x0800383c     0x4  startup_stm32f4xx.o [1]
  .text              ro code  0x08003840     0x4  startup_stm32f4xx.o [1]
  .text              ro code  0x08003844     0x4  startup_stm32f4xx.o [1]
  .text              ro code  0x08003848     0x4  startup_stm32f4xx.o [1]
  .text              ro code  0x0800384c     0x4  startup_stm32f4xx.o [1]
  .text              ro code  0x08003850     0x4  startup_stm32f4xx.o [1]
  .text              ro code  0x08003854     0x4  startup_stm32f4xx.o [1]
  .text              ro code  0x08003858     0x4  startup_stm32f4xx.o [1]
  .text              ro code  0x0800385c     0x4  startup_stm32f4xx.o [1]
  .text              ro code  0x08003860     0x4  startup_stm32f4xx.o [1]
  .text              ro code  0x08003864     0x4  startup_stm32f4xx.o [1]
  .text              ro code  0x08003868     0x4  startup_stm32f4xx.o [1]
  .text              ro code  0x0800386c     0x4  startup_stm32f4xx.o [1]
  .text              ro code  0x08003870     0x4  startup_stm32f4xx.o [1]
  .text              ro code  0x08003874     0x4  startup_stm32f4xx.o [1]
  .text              ro code  0x08003878     0x4  startup_stm32f4xx.o [1]
  .text              ro code  0x0800387c     0x4  startup_stm32f4xx.o [1]
  .text              ro code  0x08003880     0x4  startup_stm32f4xx.o [1]
  .text              ro code  0x08003884     0x4  startup_stm32f4xx.o [1]
  .text              ro code  0x08003888     0x4  startup_stm32f4xx.o [1]
  .text              ro code  0x0800388c     0x4  startup_stm32f4xx.o [1]
  .text              ro code  0x08003890     0x4  startup_stm32f4xx.o [1]
  .text              ro code  0x08003894     0x4  startup_stm32f4xx.o [1]
  .text              ro code  0x08003898     0x4  startup_stm32f4xx.o [1]
  .text              ro code  0x0800389c     0x4  startup_stm32f4xx.o [1]
  .text              ro code  0x080038a0     0x4  startup_stm32f4xx.o [1]
  .text              ro code  0x080038a4     0x4  startup_stm32f4xx.o [1]
  .rodata            const    0x080038a8     0x0  zero_init3.o [5]
  .rodata            const    0x080038a8     0x0  packbits_init3.o [5]
  Initializer bytes  ro data  0x080038a8    0x28  <for P2 s0>
                            - 0x080038d0  0x3748

"P2", part 1 of 3:                         0x1cc
  P2 s0                       0x20000000   0x1c9  <Init block>
    .data            inited   0x20000000   0x194  main.o [1]
    .data            inited   0x20000194    0x20  main.o [1]
    .data            inited   0x200001b4    0x10  stm32f4_discovery.o [1]
    .data            inited   0x200001c4     0x4  system_stm32f4xx.o [1]
    .data            inited   0x200001c8     0x1  HD44780.o [1]
                            - 0x200001c9   0x1c9

"P2", part 2 of 3:                         0x3bc
  .bss               zero     0x200001cc   0x330  main.o [1]
  .bss               zero     0x200004fc    0x3c  main.o [1]
  .bss               zero     0x20000538    0x18  main.o [1]
  .bss               zero     0x20000550    0x10  main.o [1]
  .bss               zero     0x20000560     0xc  main.o [1]
  .bss               zero     0x2000056c     0x4  main.o [1]
  .bss               zero     0x20000570     0x2  main.o [1]
  .bss               zero     0x20000572     0x2  main.o [1]
  .bss               zero     0x20000574     0x2  main.o [1]
  .bss               zero     0x20000576     0x2  main.o [1]
  .bss               zero     0x20000578     0x2  main.o [1]
  .bss               zero     0x2000057a     0x2  main.o [1]
  .bss               zero     0x2000057c     0x2  main.o [1]
  .bss               zero     0x2000057e     0x2  main.o [1]
  .bss               zero     0x20000580     0x2  main.o [1]
  .bss               zero     0x20000582     0x2  main.o [1]
                            - 0x20000584   0x3b8

"P2", part 3 of 3:                         0x400
  CSTACK                      0x20000588   0x400  <Block>
    CSTACK           uninit   0x20000588   0x400  <Block tail>
                            - 0x20000988   0x400


*******************************************************************************
*** INIT TABLE
***

          Address     Size
          -------     ----
Zero (__iar_zero_init3)
    1 destination range, total size 0x3b8:
          0x200001cc  0x3b8

Copy/packbits (__iar_packbits_init3)
    1 source range, total size 0x28 (8% of destination):
          0x080038a8   0x28
    1 destination range, total size 0x1c9:
          0x20000000  0x1c9



*******************************************************************************
*** MODULE SUMMARY
***

    Module               ro code  ro data  rw data
    ------               -------  -------  -------
C:\Working\GES\MPPT\F4\stm32f4discovery_fw1\STM32F4-Discovery_FW_V1.1.0\Project\Peripheral_Examples\TIM_ComplementarySignals\EWARM\TIM_ComplementarySignals\Obj: [1]
    HD44780.o                652       17        1
    main.o                 3 292      338    1 388
    startup_stm32f4xx.o      772
    stm32f4_discovery.o       40        9       16
    stm32f4xx_adc.o          472
    stm32f4xx_dma.o          532
    stm32f4xx_exti.o          12
    stm32f4xx_gpio.o         286
    stm32f4xx_it.o           168
    stm32f4xx_rcc.o          104
    stm32f4xx_rtc.o          112
    stm32f4xx_tim.o          638
    system_stm32f4xx.o       324                 4
    ----------------------------------------------
    Total:                 7 404      364    1 409

command line: [2]
    ----------------------------------------------
    Total:

dl7M_tln.a: [3]
    div.o                     14
    exit.o                     4
    low_level_init.o           4
    printf.o                  36
    putchar.o                 40
    vsprintf.o                44
    xprintffull_nomb.o     3 278
    xprout.o                  22
    xsprout.o                 10
    ----------------------------------------------
    Total:                 3 452

m7M_tlv.a: [4]
    DblAdd.o                 212
    DblCmpGe.o                46
    DblCmpLe.o                46
    DblDiv.o                 582
    DblMul.o                 418
    DblSub.o                 384
    DblToI32.o                88
    FltToDbl.o                78
    I32ToDbl.o                48
    fpinit_M.o                26
    xdnorm.o                  66
    xdscale.o                276
    ----------------------------------------------
    Total:                 2 270

rt7M_tl.a: [5]
    ABImemcpy.o              118
    I64DivMod.o              238
    I64DivZer.o                2
    cexit.o                   10
    cmain.o                   22
    cstartup_M.o              12
    data_init3.o              40
    memchr.o                  88
    packbits_init3.o         166
    strchr.o                  22
    strlen.o                  54
    zero_init3.o              34
    ----------------------------------------------
    Total:                   806

shb_l.a: [6]
    dwrite.o                  30
    exit.o                    20
    iarwrite.o                34
    iarwstdswo.o              76
    write.o                   16
    ----------------------------------------------
    Total:                   176

    Gaps                      24        4
    Linker created                     44    1 024
--------------------------------------------------
    Grand Total:          14 132      412    2 433


*******************************************************************************
*** ENTRY LIST
***

Entry                      Address   Size  Type      Object
-----                      -------   ----  ----      ------
?main                   0x08003629         Code  Gb  cmain.o [5]
ADC12DualConvertedBuff  0x200001cc  0x330  Data  Gb  main.o [1]
ADCRaw_avg              0x20000560    0xc  Data  Gb  main.o [1]
ADC_Cmd                 0x08001833   0x1a  Code  Gb  stm32f4xx_adc.o [1]
ADC_CommonInit          0x08001811   0x22  Code  Gb  stm32f4xx_adc.o [1]
ADC_CommonInitStructure
                        0x20000550   0x10  Data  Gb  main.o [1]
ADC_DeInit              0x080017a9   0x18  Code  Gb  stm32f4xx_adc.o [1]
ADC_IRQHandler          0x080037a9         Code  Wk  startup_stm32f4xx.o [1]
ADC_Init                0x080017c1   0x50  Code  Gb  stm32f4xx_adc.o [1]
ADC_InitStructure       0x20000538   0x18  Data  Gb  main.o [1]
ADC_MultiModeDMARequestAfterLastTransferCmd
                        0x0800194d   0x22  Code  Gb  stm32f4xx_adc.o [1]
ADC_RegularChannelConfig
                        0x0800184d   0xf6  Code  Gb  stm32f4xx_adc.o [1]
ADC_SoftwareStartConv   0x08001943    0xa  Code  Gb  stm32f4xx_adc.o [1]
Adc_enter_default_config
                        0x08000c41  0x152  Code  Gb  main.o [1]
BusFault_Handler        0x08003263    0x2  Code  Gb  stm32f4xx_it.o [1]
CAN1_RX0_IRQHandler     0x080037b1         Code  Wk  startup_stm32f4xx.o [1]
CAN1_RX1_IRQHandler     0x080037b5         Code  Wk  startup_stm32f4xx.o [1]
CAN1_SCE_IRQHandler     0x080037b9         Code  Wk  startup_stm32f4xx.o [1]
CAN1_TX_IRQHandler      0x080037ad         Code  Wk  startup_stm32f4xx.o [1]
CAN2_RX0_IRQHandler     0x08003861         Code  Wk  startup_stm32f4xx.o [1]
CAN2_RX1_IRQHandler     0x08003865         Code  Wk  startup_stm32f4xx.o [1]
CAN2_SCE_IRQHandler     0x08003869         Code  Wk  startup_stm32f4xx.o [1]
CAN2_TX_IRQHandler      0x0800385d         Code  Wk  startup_stm32f4xx.o [1]
CRYP_IRQHandler         0x0800389d         Code  Wk  startup_stm32f4xx.o [1]
CSTACK$$Base            0x20000588          --   Gb  - Linker created -
CSTACK$$Limit           0x20000988          --   Gb  - Linker created -
Channel1Pulse           0x20000572    0x2  Data  Gb  main.o [1]
Channel2Pulse           0x20000574    0x2  Data  Gb  main.o [1]
Channel3Pulse           0x20000576    0x2  Data  Gb  main.o [1]
Cpu_enter_default_config
                        0x08000965   0x36  Code  Gb  main.o [1]
DCMI_IRQHandler         0x08003899         Code  Wk  startup_stm32f4xx.o [1]
DMA1_Stream0_IRQHandler
                        0x0800378d         Code  Wk  startup_stm32f4xx.o [1]
DMA1_Stream1_IRQHandler
                        0x08003791         Code  Wk  startup_stm32f4xx.o [1]
DMA1_Stream2_IRQHandler
                        0x08003795         Code  Wk  startup_stm32f4xx.o [1]
DMA1_Stream3_IRQHandler
                        0x08003799         Code  Wk  startup_stm32f4xx.o [1]
DMA1_Stream4_IRQHandler
                        0x0800379d         Code  Wk  startup_stm32f4xx.o [1]
DMA1_Stream5_IRQHandler
                        0x080037a1         Code  Wk  startup_stm32f4xx.o [1]
DMA1_Stream6_IRQHandler
                        0x080037a5         Code  Wk  startup_stm32f4xx.o [1]
DMA1_Stream7_IRQHandler
                        0x0800381d         Code  Wk  startup_stm32f4xx.o [1]
DMA2_Stream0_IRQHandler
                        0x080032dd    0x2  Code  Gb  stm32f4xx_it.o [1]
DMA2_Stream1_IRQHandler
                        0x08003845         Code  Wk  startup_stm32f4xx.o [1]
DMA2_Stream2_IRQHandler
                        0x08003849         Code  Wk  startup_stm32f4xx.o [1]
DMA2_Stream3_IRQHandler
                        0x0800384d         Code  Wk  startup_stm32f4xx.o [1]
DMA2_Stream4_IRQHandler
                        0x08003851         Code  Wk  startup_stm32f4xx.o [1]
DMA2_Stream5_IRQHandler
                        0x08003871         Code  Wk  startup_stm32f4xx.o [1]
DMA2_Stream6_IRQHandler
                        0x08003875         Code  Wk  startup_stm32f4xx.o [1]
DMA2_Stream7_IRQHandler
                        0x08003879         Code  Wk  startup_stm32f4xx.o [1]
DMA_Cmd                 0x0800172f   0x1a  Code  Gb  stm32f4xx_dma.o [1]
DMA_DeInit              0x08001595  0x142  Code  Gb  stm32f4xx_dma.o [1]
DMA_Init                0x080016d7   0x58  Code  Gb  stm32f4xx_dma.o [1]
DMA_InitStructure       0x200004fc   0x3c  Data  Gb  main.o [1]
DebugMon_Handler        0x08003267    0x2  Code  Gb  stm32f4xx_it.o [1]
DisableSolarCharger     0x08000c25   0x1c  Code  Gb  main.o [1]
DisplayLCD              0x080006cf  0x112  Code  Gb  main.o [1]
ETH_IRQHandler          0x08003855         Code  Wk  startup_stm32f4xx.o [1]
ETH_WKUP_IRQHandler     0x08003859         Code  Wk  startup_stm32f4xx.o [1]
EXTI0_IRQHandler        0x08003779         Code  Wk  startup_stm32f4xx.o [1]
EXTI15_10_IRQHandler    0x08003801         Code  Wk  startup_stm32f4xx.o [1]
EXTI1_IRQHandler        0x0800377d         Code  Wk  startup_stm32f4xx.o [1]
EXTI2_IRQHandler        0x08003781         Code  Wk  startup_stm32f4xx.o [1]
EXTI3_IRQHandler        0x08003785         Code  Wk  startup_stm32f4xx.o [1]
EXTI4_IRQHandler        0x08003789         Code  Wk  startup_stm32f4xx.o [1]
EXTI9_5_IRQHandler      0x080037bd         Code  Wk  startup_stm32f4xx.o [1]
EXTI_ClearITPendingBit  0x0800339d    0x6  Code  Gb  stm32f4xx_exti.o [1]
EnableSolarCharger      0x08000c0b   0x14  Code  Gb  main.o [1]
FLASH_IRQHandler        0x08003771         Code  Wk  startup_stm32f4xx.o [1]
FPU_IRQHandler          0x080038a5         Code  Wk  startup_stm32f4xx.o [1]
FSMC_IRQHandler         0x08003821         Code  Wk  startup_stm32f4xx.o [1]
GPIO_Init               0x08001185   0xaa  Code  Gb  stm32f4xx_gpio.o [1]
GPIO_PIN                0x08003734    0x8  Data  Gb  stm32f4_discovery.o [1]
GPIO_PORT               0x200001b4   0x10  Data  Gb  stm32f4_discovery.o [1]
GPIO_PinAFConfig        0x08001249   0x5a  Code  Gb  stm32f4xx_gpio.o [1]
GPIO_ReadInputDataBit   0x0800122f   0x1a  Code  Gb  stm32f4xx_gpio.o [1]
HASH_RNG_IRQHandler     0x080038a1         Code  Wk  startup_stm32f4xx.o [1]
HardFault_Handler       0x0800325f    0x2  Code  Gb  stm32f4xx_it.o [1]
I2C1_ER_IRQHandler      0x080037e1         Code  Wk  startup_stm32f4xx.o [1]
I2C1_EV_IRQHandler      0x080037dd         Code  Wk  startup_stm32f4xx.o [1]
I2C2_ER_IRQHandler      0x080037e9         Code  Wk  startup_stm32f4xx.o [1]
I2C2_EV_IRQHandler      0x080037e5         Code  Wk  startup_stm32f4xx.o [1]
I2C3_ER_IRQHandler      0x08003885         Code  Wk  startup_stm32f4xx.o [1]
I2C3_EV_IRQHandler      0x08003881         Code  Wk  startup_stm32f4xx.o [1]
LCD_GotoXY              0x08000ffd   0x3e  Code  Gb  HD44780.o [1]
LCD_Init                0x08000eb1   0xa2  Code  Gb  HD44780.o [1]
LCD_Print               0x08001081   0x24  Code  Gb  HD44780.o [1]
LCD_SendByte            0x08000f53   0x60  Code  Gb  HD44780.o [1]
LCD_SetData             0x08000fb3   0x4a  Code  Gb  HD44780.o [1]
LCD_port_init           0x08000e65   0x4c  Code  Gb  HD44780.o [1]
LCD_printf              0x080010a5   0x24  Code  Gb  HD44780.o [1]
MPPTVars                0x20000194   0x20  Data  Gb  main.o [1]
MemManage_Handler       0x08003261    0x2  Code  Gb  stm32f4xx_it.o [1]
NMI_Handler             0x0800325d    0x2  Code  Gb  stm32f4xx_it.o [1]
NVIC_SetPriority        0x08000189   0x26  Code  Lc  main.o [1]
OTG_FS_IRQHandler       0x0800386d         Code  Wk  startup_stm32f4xx.o [1]
OTG_FS_WKUP_IRQHandler  0x08003809         Code  Wk  startup_stm32f4xx.o [1]
OTG_HS_EP1_IN_IRQHandler
                        0x0800388d         Code  Wk  startup_stm32f4xx.o [1]
OTG_HS_EP1_OUT_IRQHandler
                        0x08003889         Code  Wk  startup_stm32f4xx.o [1]
OTG_HS_IRQHandler       0x08003895         Code  Wk  startup_stm32f4xx.o [1]
OTG_HS_WKUP_IRQHandler  0x08003891         Code  Wk  startup_stm32f4xx.o [1]
PVD_IRQHandler          0x08003765         Code  Wk  startup_stm32f4xx.o [1]
PWM_Period              0x20000570    0x2  Data  Gb  main.o [1]
PendSV_Handler          0x0800326b    0x2  Code  Gb  stm32f4xx_it.o [1]
Ports_enter_default_config
                        0x080009a1  0x114  Code  Gb  main.o [1]
RCC_AHB1PeriphClockCmd  0x080012ad   0x1e  Code  Gb  stm32f4xx_rcc.o [1]
RCC_APB2PeriphClockCmd  0x080012cb   0x1e  Code  Gb  stm32f4xx_rcc.o [1]
RCC_APB2PeriphResetCmd  0x080012e9   0x1e  Code  Gb  stm32f4xx_rcc.o [1]
RCC_IRQHandler          0x08003775         Code  Wk  startup_stm32f4xx.o [1]
RTC_Alarm_IRQHandler    0x080032df   0x26  Code  Gb  stm32f4xx_it.o [1]
RTC_ClearITPendingBit   0x08003349   0x1e  Code  Gb  stm32f4xx_rtc.o [1]
RTC_GetITStatus         0x08003305   0x44  Code  Gb  stm32f4xx_rtc.o [1]
RTC_WKUP_IRQHandler     0x0800376d         Code  Wk  startup_stm32f4xx.o [1]
Region$$Table$$Base     0x0800353c          --   Gb  - Linker created -
Region$$Table$$Limit    0x08003568          --   Gb  - Linker created -
Reset_Handler           0x080036dd         Code  Wk  startup_stm32f4xx.o [1]
SDIO_IRQHandler         0x08003825         Code  Wk  startup_stm32f4xx.o [1]
SPI1_IRQHandler         0x080037ed         Code  Wk  startup_stm32f4xx.o [1]
SPI2_IRQHandler         0x080037f1         Code  Wk  startup_stm32f4xx.o [1]
SPI3_IRQHandler         0x0800382d         Code  Wk  startup_stm32f4xx.o [1]
STM_EVAL_LEDToggle      0x08003375   0x20  Code  Gb  stm32f4_discovery.o [1]
SVC_Handler             0x08003269    0x2  Code  Gb  stm32f4xx_it.o [1]
SetSysClock             0x0800315f   0xce  Code  Lc  system_stm32f4xx.o [1]
SolarCharger            0x20000000  0x194  Data  Gb  main.o [1]
SysTick_Config          0x080001af   0x38  Code  Lc  main.o [1]
SysTick_Handler         0x0800326d   0x68  Code  Gb  stm32f4xx_it.o [1]
SystemCoreClock         0x200001c4    0x4  Data  Gb  system_stm32f4xx.o [1]
SystemInit              0x08003119   0x46  Code  Gb  system_stm32f4xx.o [1]
TAMP_STAMP_IRQHandler   0x08003769         Code  Wk  startup_stm32f4xx.o [1]
TIM1_BRK_TIM9_IRQHandler
                        0x080037c1         Code  Wk  startup_stm32f4xx.o [1]
TIM1_CC_IRQHandler      0x080037cd         Code  Wk  startup_stm32f4xx.o [1]
TIM1_TRG_COM_TIM11_IRQHandler
                        0x080037c9         Code  Wk  startup_stm32f4xx.o [1]
TIM1_UP_TIM10_IRQHandler
                        0x080037c5         Code  Wk  startup_stm32f4xx.o [1]
TIM2_IRQHandler         0x080037d1         Code  Wk  startup_stm32f4xx.o [1]
TIM3_IRQHandler         0x080037d5         Code  Wk  startup_stm32f4xx.o [1]
TIM4_IRQHandler         0x080037d9         Code  Wk  startup_stm32f4xx.o [1]
TIM5_IRQHandler         0x08003829         Code  Wk  startup_stm32f4xx.o [1]
TIM6_DAC_IRQHandler     0x08003839         Code  Wk  startup_stm32f4xx.o [1]
TIM7_IRQHandler         0x0800383d         Code  Wk  startup_stm32f4xx.o [1]
TIM8_BRK_TIM12_IRQHandler
                        0x0800380d         Code  Wk  startup_stm32f4xx.o [1]
TIM8_CC_IRQHandler      0x08003819         Code  Wk  startup_stm32f4xx.o [1]
TIM8_TRG_COM_TIM14_IRQHandler
                        0x08003815         Code  Wk  startup_stm32f4xx.o [1]
TIM8_UP_TIM13_IRQHandler
                        0x08003811         Code  Wk  startup_stm32f4xx.o [1]
TIM_BDTRConfig          0x08001551   0x20  Code  Gb  stm32f4xx_tim.o [1]
TIM_Cmd                 0x08001383   0x1c  Code  Gb  stm32f4xx_tim.o [1]
TIM_CtrlPWMOutputs      0x08001571   0x22  Code  Gb  stm32f4xx_tim.o [1]
TIM_OC1Init             0x0800139f   0x7e  Code  Gb  stm32f4xx_tim.o [1]
TIM_OC2Init             0x0800141d   0x8c  Code  Gb  stm32f4xx_tim.o [1]
TIM_OC3Init             0x080014a9   0x8a  Code  Gb  stm32f4xx_tim.o [1]
TIM_SetCounter          0x0800137f    0x4  Code  Gb  stm32f4xx_tim.o [1]
TIM_TimeBaseInit        0x08001315   0x6a  Code  Gb  stm32f4xx_tim.o [1]
Timers_enter_default_config
                        0x08000ac5  0x146  Code  Gb  main.o [1]
UART4_IRQHandler        0x08003831         Code  Wk  startup_stm32f4xx.o [1]
UART5_IRQHandler        0x08003835         Code  Wk  startup_stm32f4xx.o [1]
USART1_IRQHandler       0x080037f5         Code  Wk  startup_stm32f4xx.o [1]
USART2_IRQHandler       0x080037f9         Code  Wk  startup_stm32f4xx.o [1]
USART3_IRQHandler       0x080037fd         Code  Wk  startup_stm32f4xx.o [1]
USART6_IRQHandler       0x0800387d         Code  Wk  startup_stm32f4xx.o [1]
UsageFault_Handler      0x08003265    0x2  Code  Gb  stm32f4xx_it.o [1]
WWDG_IRQHandler         0x08003761         Code  Wk  startup_stm32f4xx.o [1]
_GenldFullNoMb          0x0800247d  0x266  Code  Lc  xprintffull_nomb.o [3]
_LdtobFullNoMb          0x0800207d  0x3fa  Code  Lc  xprintffull_nomb.o [3]
_LitobFullNoMb          0x08001f67  0x10e  Code  Lc  xprintffull_nomb.o [3]
_PrintfFullNoMb         0x08001a5d  0x504  Code  Gb  xprintffull_nomb.o [3]
_Prout                  0x08003669   0x16  Code  Gb  xprout.o [3]
_PutcharsFullNoMb       0x080026e3   0x2e  Code  Lc  xprintffull_nomb.o [3]
_SProut                 0x080012a3    0xa  Code  Gb  xsprout.o [3]
__aeabi_cdcmple         0x080028cd         Code  Gb  DblCmpLe.o [4]
__aeabi_cdrcmple        0x080028fd         Code  Gb  DblCmpGe.o [4]
__aeabi_d2iz            0x08002a41         Code  Gb  DblToI32.o [4]
__aeabi_d2uiz           0x08002a6d         Code  Gb  DblToI32.o [4]
__aeabi_ddiv            0x08002ded         Code  Gb  DblDiv.o [4]
__aeabi_dmul            0x08002c49         Code  Gb  DblMul.o [4]
__aeabi_dsub            0x08002ac9         Code  Gb  DblSub.o [4]
__aeabi_f2d             0x08001115         Code  Gb  FltToDbl.o [4]
__aeabi_i2d             0x08002a99         Code  Gb  I32ToDbl.o [4]
__aeabi_ldiv0           0x08003041         Code  Gb  I64DivZer.o [5]
__aeabi_memcpy          0x08001981         Code  Gb  ABImemcpy.o [5]
__aeabi_memcpy4         0x080019a1         Code  Gb  ABImemcpy.o [5]
__aeabi_memcpy8         0x080019a1         Code  Gb  ABImemcpy.o [5]
__aeabi_ui2d            0x08002aad         Code  Gb  I32ToDbl.o [4]
__aeabi_uldivmod        0x0800279d         Code  Gb  I64DivMod.o [5]
__cmain                 0x08003629         Code  Gb  cmain.o [5]
__dwrite                0x080034d5   0x1e  Code  Gb  dwrite.o [6]
__exit                  0x08003655   0x14  Code  Gb  exit.o [6]
__iar_Dnorm             0x0800288b   0x42  Code  Gb  xdnorm.o [4]
__iar_Dscale            0x0800292d  0x114  Code  Gb  xdscale.o [4]
__iar_Memchr            0x08002745         Code  Gb  memchr.o [5]
__iar_Strchr            0x0800272d         Code  Gb  strchr.o [5]
__iar_d2uiz             0x08002a79         Code  Gb  DblToI32.o [4]
__iar_dadd              0x08003045         Code  Gb  DblAdd.o [4]
__iar_data_init3        0x08003515   0x28  Code  Gb  data_init3.o [5]
__iar_dsub              0x08002add         Code  Gb  DblSub.o [4]
__iar_dsubStart         0x08002aef         Code  Gb  DblSub.o [4]
__iar_init_vfp          0x080035dd         Code  Gb  fpinit_M.o [4]
__iar_packbits_init3    0x080033a9   0xa6  Code  Gb  packbits_init3.o [5]
__iar_program_start     0x08003729         Code  Gb  cstartup_M.o [5]
__iar_sh_stdout_swo     0x08003451   0x4c  Code  Gb  iarwstdswo.o [6]
__iar_sh_write          0x080034f3   0x22  Code  Gb  iarwrite.o [6]
__iar_ui2d              0x08002ab1         Code  Gb  I32ToDbl.o [4]
__iar_zero_init3        0x08001163   0x22  Code  Gb  zero_init3.o [5]
__low_level_init        0x0800363f    0x4  Code  Gb  low_level_init.o [3]
__vector_table          0x08000000         Data  Gb  startup_stm32f4xx.o [1]
__write                 0x080034c5   0x10  Code  Gb  write.o [6]
_call_main              0x08003635         Code  Gb  cmain.o [5]
_delay_ms               0x080010c9   0x16  Code  Gb  HD44780.o [1]
_delay_us               0x080010e1   0x10  Code  Gb  HD44780.o [1]
_exit                   0x08003649         Code  Gb  cexit.o [5]
_main                   0x0800363b         Code  Gb  cmain.o [5]
_numlines               0x200001c8    0x1  Data  Gb  HD44780.o [1]
cal_adc                 0x08000855  0x10c  Code  Gb  main.o [1]
current_PWM             0x2000057a    0x2  Data  Gb  main.o [1]
div                     0x08003033    0xe  Code  Gb  div.o [3]
down_PWM                0x2000057e    0x2  Data  Gb  main.o [1]
downdown_PWM            0x20000582    0x2  Data  Gb  main.o [1]
exit                    0x08003643    0x4  Code  Gb  exit.o [3]
find_global_MPPT_point  0x08000225   0xbc  Code  Gb  main.o [1]
find_local_MPPT_point   0x080002e1  0x190  Code  Gb  main.o [1]
get_current_feedback    0x080001e9   0x3c  Code  Gb  main.o [1]
main                    0x08000479  0x256  Code  Gb  main.o [1]
memchr                  0x08002745         Code  Gb  memchr.o [5]
msTicks                 0x20000578    0x2  Data  Gb  main.o [1]
printf                  0x080010f1   0x24  Code  Gb  printf.o [3]
putchar                 0x0800349d   0x28  Code  Gb  putchar.o [3]
set_PWM_charger         0x080007e1   0x66  Code  Gb  main.o [1]
strchr                  0x0800272d         Code  Gb  strchr.o [5]
strlen                  0x080019f9         Code  Gb  strlen.o [5]
testPoint               0x2000056c    0x4  Data  Gb  main.o [1]
up_PWM                  0x2000057c    0x2  Data  Gb  main.o [1]
upup_PWM                0x20000580    0x2  Data  Gb  main.o [1]
vsprintf                0x08001a31   0x2c  Code  Gb  vsprintf.o [3]


[1] = C:\Working\GES\MPPT\F4\stm32f4discovery_fw1\STM32F4-Discovery_FW_V1.1.0\Project\Peripheral_Examples\TIM_ComplementarySignals\EWARM\TIM_ComplementarySignals\Obj
[2] = command line
[3] = dl7M_tln.a
[4] = m7M_tlv.a
[5] = rt7M_tl.a
[6] = shb_l.a

  14 132 bytes of readonly  code memory
     412 bytes of readonly  data memory
   2 433 bytes of readwrite data memory

Errors: none
Warnings: none
