###############################################################################
#                                                                             #
# IAR ELF Linker V6.40.2.53884/W32 for ARM              19/Feb/2013  16:33:11 #
# Copyright 2007-2012 IAR Systems AB.                                         #
#                                                                             #
#    Output file  =  C:\Working\GES\MPPT\F4\stm32f4discovery_fw1\STM32F4-Disc #
#                    overy_FW_V1.1.0\Project\Peripheral_Examples\TIM_Compleme #
#                    ntarySignals\EWARM\TIM_ComplementarySignals\Exe\TIM_Comp #
#                    lementarySignals.out                                     #
#    Map file     =  C:\Working\GES\MPPT\F4\stm32f4discovery_fw1\STM32F4-Disc #
#                    overy_FW_V1.1.0\Project\Peripheral_Examples\TIM_Compleme #
#                    ntarySignals\EWARM\TIM_ComplementarySignals\List\TIM_Com #
#                    plementarySignals.map                                    #
#    Command line =  C:\Working\GES\MPPT\F4\stm32f4discovery_fw1\STM32F4-Disc #
#                    overy_FW_V1.1.0\Project\Peripheral_Examples\TIM_Compleme #
#                    ntarySignals\EWARM\TIM_ComplementarySignals\Obj\GES_Sola #
#                    r_RTC.o C:\Working\GES\MPPT\F4\stm32f4discovery_fw1\STM3 #
#                    2F4-Discovery_FW_V1.1.0\Project\Peripheral_Examples\TIM_ #
#                    ComplementarySignals\EWARM\TIM_ComplementarySignals\Obj\ #
#                    HD44780.o C:\Working\GES\MPPT\F4\stm32f4discovery_fw1\ST #
#                    M32F4-Discovery_FW_V1.1.0\Project\Peripheral_Examples\TI #
#                    M_ComplementarySignals\EWARM\TIM_ComplementarySignals\Ob #
#                    j\main.o C:\Working\GES\MPPT\F4\stm32f4discovery_fw1\STM #
#                    32F4-Discovery_FW_V1.1.0\Project\Peripheral_Examples\TIM #
#                    _ComplementarySignals\EWARM\TIM_ComplementarySignals\Obj #
#                    \misc.o C:\Working\GES\MPPT\F4\stm32f4discovery_fw1\STM3 #
#                    2F4-Discovery_FW_V1.1.0\Project\Peripheral_Examples\TIM_ #
#                    ComplementarySignals\EWARM\TIM_ComplementarySignals\Obj\ #
#                    startup_stm32f4xx.o C:\Working\GES\MPPT\F4\stm32f4discov #
#                    ery_fw1\STM32F4-Discovery_FW_V1.1.0\Project\Peripheral_E #
#                    xamples\TIM_ComplementarySignals\EWARM\TIM_Complementary #
#                    Signals\Obj\stm32f4_discovery.o                          #
#                    C:\Working\GES\MPPT\F4\stm32f4discovery_fw1\STM32F4-Disc #
#                    overy_FW_V1.1.0\Project\Peripheral_Examples\TIM_Compleme #
#                    ntarySignals\EWARM\TIM_ComplementarySignals\Obj\stm32f4x #
#                    x_adc.o C:\Working\GES\MPPT\F4\stm32f4discovery_fw1\STM3 #
#                    2F4-Discovery_FW_V1.1.0\Project\Peripheral_Examples\TIM_ #
#                    ComplementarySignals\EWARM\TIM_ComplementarySignals\Obj\ #
#                    stm32f4xx_can.o C:\Working\GES\MPPT\F4\stm32f4discovery_ #
#                    fw1\STM32F4-Discovery_FW_V1.1.0\Project\Peripheral_Examp #
#                    les\TIM_ComplementarySignals\EWARM\TIM_ComplementarySign #
#                    als\Obj\stm32f4xx_crc.o C:\Working\GES\MPPT\F4\stm32f4di #
#                    scovery_fw1\STM32F4-Discovery_FW_V1.1.0\Project\Peripher #
#                    al_Examples\TIM_ComplementarySignals\EWARM\TIM_Complemen #
#                    tarySignals\Obj\stm32f4xx_cryp.o                         #
#                    C:\Working\GES\MPPT\F4\stm32f4discovery_fw1\STM32F4-Disc #
#                    overy_FW_V1.1.0\Project\Peripheral_Examples\TIM_Compleme #
#                    ntarySignals\EWARM\TIM_ComplementarySignals\Obj\stm32f4x #
#                    x_cryp_aes.o C:\Working\GES\MPPT\F4\stm32f4discovery_fw1 #
#                    \STM32F4-Discovery_FW_V1.1.0\Project\Peripheral_Examples #
#                    \TIM_ComplementarySignals\EWARM\TIM_ComplementarySignals #
#                    \Obj\stm32f4xx_cryp_des.o C:\Working\GES\MPPT\F4\stm32f4 #
#                    discovery_fw1\STM32F4-Discovery_FW_V1.1.0\Project\Periph #
#                    eral_Examples\TIM_ComplementarySignals\EWARM\TIM_Complem #
#                    entarySignals\Obj\stm32f4xx_cryp_tdes.o                  #
#                    C:\Working\GES\MPPT\F4\stm32f4discovery_fw1\STM32F4-Disc #
#                    overy_FW_V1.1.0\Project\Peripheral_Examples\TIM_Compleme #
#                    ntarySignals\EWARM\TIM_ComplementarySignals\Obj\stm32f4x #
#                    x_dac.o C:\Working\GES\MPPT\F4\stm32f4discovery_fw1\STM3 #
#                    2F4-Discovery_FW_V1.1.0\Project\Peripheral_Examples\TIM_ #
#                    ComplementarySignals\EWARM\TIM_ComplementarySignals\Obj\ #
#                    stm32f4xx_dbgmcu.o C:\Working\GES\MPPT\F4\stm32f4discove #
#                    ry_fw1\STM32F4-Discovery_FW_V1.1.0\Project\Peripheral_Ex #
#                    amples\TIM_ComplementarySignals\EWARM\TIM_ComplementaryS #
#                    ignals\Obj\stm32f4xx_dcmi.o                              #
#                    C:\Working\GES\MPPT\F4\stm32f4discovery_fw1\STM32F4-Disc #
#                    overy_FW_V1.1.0\Project\Peripheral_Examples\TIM_Compleme #
#                    ntarySignals\EWARM\TIM_ComplementarySignals\Obj\stm32f4x #
#                    x_dma.o C:\Working\GES\MPPT\F4\stm32f4discovery_fw1\STM3 #
#                    2F4-Discovery_FW_V1.1.0\Project\Peripheral_Examples\TIM_ #
#                    ComplementarySignals\EWARM\TIM_ComplementarySignals\Obj\ #
#                    stm32f4xx_exti.o C:\Working\GES\MPPT\F4\stm32f4discovery #
#                    _fw1\STM32F4-Discovery_FW_V1.1.0\Project\Peripheral_Exam #
#                    ples\TIM_ComplementarySignals\EWARM\TIM_ComplementarySig #
#                    nals\Obj\stm32f4xx_flash.o C:\Working\GES\MPPT\F4\stm32f #
#                    4discovery_fw1\STM32F4-Discovery_FW_V1.1.0\Project\Perip #
#                    heral_Examples\TIM_ComplementarySignals\EWARM\TIM_Comple #
#                    mentarySignals\Obj\stm32f4xx_fsmc.o                      #
#                    C:\Working\GES\MPPT\F4\stm32f4discovery_fw1\STM32F4-Disc #
#                    overy_FW_V1.1.0\Project\Peripheral_Examples\TIM_Compleme #
#                    ntarySignals\EWARM\TIM_ComplementarySignals\Obj\stm32f4x #
#                    x_gpio.o C:\Working\GES\MPPT\F4\stm32f4discovery_fw1\STM #
#                    32F4-Discovery_FW_V1.1.0\Project\Peripheral_Examples\TIM #
#                    _ComplementarySignals\EWARM\TIM_ComplementarySignals\Obj #
#                    \stm32f4xx_hash.o C:\Working\GES\MPPT\F4\stm32f4discover #
#                    y_fw1\STM32F4-Discovery_FW_V1.1.0\Project\Peripheral_Exa #
#                    mples\TIM_ComplementarySignals\EWARM\TIM_ComplementarySi #
#                    gnals\Obj\stm32f4xx_hash_md5.o                           #
#                    C:\Working\GES\MPPT\F4\stm32f4discovery_fw1\STM32F4-Disc #
#                    overy_FW_V1.1.0\Project\Peripheral_Examples\TIM_Compleme #
#                    ntarySignals\EWARM\TIM_ComplementarySignals\Obj\stm32f4x #
#                    x_hash_sha1.o C:\Working\GES\MPPT\F4\stm32f4discovery_fw #
#                    1\STM32F4-Discovery_FW_V1.1.0\Project\Peripheral_Example #
#                    s\TIM_ComplementarySignals\EWARM\TIM_ComplementarySignal #
#                    s\Obj\stm32f4xx_i2c.o C:\Working\GES\MPPT\F4\stm32f4disc #
#                    overy_fw1\STM32F4-Discovery_FW_V1.1.0\Project\Peripheral #
#                    _Examples\TIM_ComplementarySignals\EWARM\TIM_Complementa #
#                    rySignals\Obj\stm32f4xx_it.o                             #
#                    C:\Working\GES\MPPT\F4\stm32f4discovery_fw1\STM32F4-Disc #
#                    overy_FW_V1.1.0\Project\Peripheral_Examples\TIM_Compleme #
#                    ntarySignals\EWARM\TIM_ComplementarySignals\Obj\stm32f4x #
#                    x_iwdg.o C:\Working\GES\MPPT\F4\stm32f4discovery_fw1\STM #
#                    32F4-Discovery_FW_V1.1.0\Project\Peripheral_Examples\TIM #
#                    _ComplementarySignals\EWARM\TIM_ComplementarySignals\Obj #
#                    \stm32f4xx_pwr.o C:\Working\GES\MPPT\F4\stm32f4discovery #
#                    _fw1\STM32F4-Discovery_FW_V1.1.0\Project\Peripheral_Exam #
#                    ples\TIM_ComplementarySignals\EWARM\TIM_ComplementarySig #
#                    nals\Obj\stm32f4xx_rcc.o C:\Working\GES\MPPT\F4\stm32f4d #
#                    iscovery_fw1\STM32F4-Discovery_FW_V1.1.0\Project\Periphe #
#                    ral_Examples\TIM_ComplementarySignals\EWARM\TIM_Compleme #
#                    ntarySignals\Obj\stm32f4xx_rng.o                         #
#                    C:\Working\GES\MPPT\F4\stm32f4discovery_fw1\STM32F4-Disc #
#                    overy_FW_V1.1.0\Project\Peripheral_Examples\TIM_Compleme #
#                    ntarySignals\EWARM\TIM_ComplementarySignals\Obj\stm32f4x #
#                    x_rtc.o C:\Working\GES\MPPT\F4\stm32f4discovery_fw1\STM3 #
#                    2F4-Discovery_FW_V1.1.0\Project\Peripheral_Examples\TIM_ #
#                    ComplementarySignals\EWARM\TIM_ComplementarySignals\Obj\ #
#                    stm32f4xx_sdio.o C:\Working\GES\MPPT\F4\stm32f4discovery #
#                    _fw1\STM32F4-Discovery_FW_V1.1.0\Project\Peripheral_Exam #
#                    ples\TIM_ComplementarySignals\EWARM\TIM_ComplementarySig #
#                    nals\Obj\stm32f4xx_spi.o C:\Working\GES\MPPT\F4\stm32f4d #
#                    iscovery_fw1\STM32F4-Discovery_FW_V1.1.0\Project\Periphe #
#                    ral_Examples\TIM_ComplementarySignals\EWARM\TIM_Compleme #
#                    ntarySignals\Obj\stm32f4xx_syscfg.o                      #
#                    C:\Working\GES\MPPT\F4\stm32f4discovery_fw1\STM32F4-Disc #
#                    overy_FW_V1.1.0\Project\Peripheral_Examples\TIM_Compleme #
#                    ntarySignals\EWARM\TIM_ComplementarySignals\Obj\stm32f4x #
#                    x_tim.o C:\Working\GES\MPPT\F4\stm32f4discovery_fw1\STM3 #
#                    2F4-Discovery_FW_V1.1.0\Project\Peripheral_Examples\TIM_ #
#                    ComplementarySignals\EWARM\TIM_ComplementarySignals\Obj\ #
#                    stm32f4xx_usart.o C:\Working\GES\MPPT\F4\stm32f4discover #
#                    y_fw1\STM32F4-Discovery_FW_V1.1.0\Project\Peripheral_Exa #
#                    mples\TIM_ComplementarySignals\EWARM\TIM_ComplementarySi #
#                    gnals\Obj\stm32f4xx_wwdg.o C:\Working\GES\MPPT\F4\stm32f #
#                    4discovery_fw1\STM32F4-Discovery_FW_V1.1.0\Project\Perip #
#                    heral_Examples\TIM_ComplementarySignals\EWARM\TIM_Comple #
#                    mentarySignals\Obj\system_stm32f4xx.o -o                 #
#                    C:\Working\GES\MPPT\F4\stm32f4discovery_fw1\STM32F4-Disc #
#                    overy_FW_V1.1.0\Project\Peripheral_Examples\TIM_Compleme #
#                    ntarySignals\EWARM\TIM_ComplementarySignals\Exe\TIM_Comp #
#                    lementarySignals.out --map C:\Working\GES\MPPT\F4\stm32f #
#                    4discovery_fw1\STM32F4-Discovery_FW_V1.1.0\Project\Perip #
#                    heral_Examples\TIM_ComplementarySignals\EWARM\TIM_Comple #
#                    mentarySignals\List\TIM_ComplementarySignals.map         #
#                    --config C:\Working\GES\MPPT\F4\stm32f4discovery_fw1\STM #
#                    32F4-Discovery_FW_V1.1.0\Project\Peripheral_Examples\TIM #
#                    _ComplementarySignals\EWARM\stm32f4xx_flash.icf          #
#                    --semihosting --entry __iar_program_start --redirect     #
#                    __iar_sh_stdout=__iar_sh_stdout_swo "C:\Program Files    #
#                    (x86)\IAR Systems\Embedded Workbench                     #
#                    6.4\arm\CMSIS\Lib\IAR\iar_cortexM4lf_math.a" --vfe       #
#                                                                             #
#                                                                             #
###############################################################################

*******************************************************************************
*** RUNTIME MODEL ATTRIBUTES
***

CppFlavor       = *
__SystemLibrary = DLib


*******************************************************************************
*** PLACEMENT SUMMARY
***

"A1":  place at 0x08000000 { ro section .intvec };
"P1":  place in [from 0x08000000 to 0x080fffff] { ro };
"P2":  place in [from 0x20000000 to 0x20020000] { rw, block CSTACK, block HEAP };

  Section            Kind        Address    Size  Object
  -------            ----        -------    ----  ------
"A1":                                      0x188
  .intvec            ro code  0x08000000   0x188  startup_stm32f4xx.o [1]
                            - 0x08000188   0x188

"P1":                                     0x43c0
  .text              ro code  0x08000188   0xcd4  main.o [1]
  .text              ro code  0x08000e5c   0x28c  HD44780.o [1]
  .text              ro code  0x080010e8    0x24  printf.o [3]
  .text              ro code  0x0800110c    0x4e  FltToDbl.o [4]
  .text              ro code  0x0800115a    0x22  zero_init3.o [5]
  .text              ro code  0x0800117c   0x210  GES_Solar_RTC.o [1]
  .text              ro code  0x0800138c   0x11e  stm32f4xx_gpio.o [1]
  .text              ro code  0x080014aa     0xa  xsprout.o [3]
  .text              ro code  0x080014b4   0x384  stm32f4xx_rtc.o [1]
  .text              ro code  0x08001838   0x268  stm32f4xx_rcc.o [1]
  .text              ro code  0x08001aa0   0x628  stm32f4xx_tim.o [1]
  .text              ro code  0x080020c8   0x214  stm32f4xx_dma.o [1]
  .text              ro code  0x080022dc   0x1d8  stm32f4xx_adc.o [1]
  .text              ro code  0x080024b4    0x76  ABImemcpy.o [5]
  .text              ro code  0x0800252c    0x36  strlen.o [5]
  .text              ro code  0x08002564    0x2c  vsprintf.o [3]
  .text              ro code  0x08002590   0xcce  xprintffull_nomb.o [3]
  .text              ro code  0x08003260     0xc  stm32f4xx_pwr.o [1]
  .text              ro code  0x0800326c    0xa4  stm32f4xx_exti.o [1]
  .text              ro code  0x08003310    0x7c  misc.o [1]
  .text              ro code  0x0800338c    0x16  strchr.o [5]
  .text              ro code  0x080033a4    0x58  memchr.o [5]
  .text              ro code  0x080033fc    0xee  I64DivMod.o [5]
  .text              ro code  0x080034ea    0x42  xdnorm.o [4]
  .text              ro code  0x0800352c    0x2e  DblCmpLe.o [4]
  .text              ro code  0x0800355c    0x2e  DblCmpGe.o [4]
  .text              ro code  0x0800358c   0x114  xdscale.o [4]
  .text              ro code  0x080036a0    0x58  DblToI32.o [4]
  .text              ro code  0x080036f8    0x30  I32ToDbl.o [4]
  .text              ro code  0x08003728   0x180  DblSub.o [4]
  .text              ro code  0x080038a8   0x1a2  DblMul.o [4]
  .text              ro code  0x08003a4c   0x246  DblDiv.o [4]
  .text              ro code  0x08003c92     0xe  div.o [3]
  .text              ro code  0x08003ca0     0x2  I64DivZer.o [5]
  .text              ro code  0x08003ca4    0xd4  DblAdd.o [4]
  .text              ro code  0x08003d78   0x144  system_stm32f4xx.o [1]
  .text              ro code  0x08003ebc   0x124  stm32f4xx_it.o [1]
  .text              ro code  0x08003fe0    0x28  stm32f4_discovery.o [1]
  .text              ro code  0x08004008    0xa6  packbits_init3.o [5]
  .text              ro code  0x080040b0    0x4c  iarwstdswo.o [6]
  .text              ro code  0x080040fc    0x28  putchar.o [3]
  .text              ro code  0x08004124    0x10  write.o [6]
  .text              ro code  0x08004134    0x1e  dwrite.o [6]
  .text              ro code  0x08004152    0x22  iarwrite.o [6]
  .text              ro code  0x08004174    0x28  data_init3.o [5]
  .iar.init_table    const    0x0800419c    0x2c  - Linker created -
  .rodata            const    0x080041c8    0x20  main.o [1]
  .rodata            const    0x080041e8    0x1c  main.o [1]
  .rodata            const    0x08004204    0x1c  main.o [1]
  .rodata            const    0x08004220    0x1c  main.o [1]
  .text              ro code  0x0800423c    0x1a  fpinit_M.o [4]
  .rodata            const    0x08004258    0x18  main.o [1]
  .rodata            const    0x08004270    0x18  main.o [1]
  .rodata            const    0x08004288    0x18  main.o [1]
  .text              ro code  0x080042a0    0x16  cmain.o [5]
  .text              ro code  0x080042b6     0x4  low_level_init.o [3]
  .text              ro code  0x080042ba     0x4  exit.o [3]
  .text              ro code  0x080042c0     0xa  cexit.o [5]
  .text              ro code  0x080042cc    0x14  exit.o [6]
  .text              ro code  0x080042e0    0x16  xprout.o [3]
  .rodata            const    0x080042f8    0x14  main.o [1]
  .rodata            const    0x0800430c    0x14  main.o [1]
  .rodata            const    0x08004320    0x10  HD44780.o [1]
  .rodata            const    0x08004330    0x10  main.o [1]
  .rodata            const    0x08004340    0x10  main.o [1]
  .text              ro code  0x08004350    0x10  startup_stm32f4xx.o [1]
  .rodata            const    0x08004360     0xc  main.o [1]
  .rodata            const    0x0800436c     0xc  main.o [1]
  .rodata            const    0x08004378     0xc  main.o [1]
  .rodata            const    0x08004384     0xc  main.o [1]
  .text              ro code  0x08004390     0xc  cstartup_M.o [5]
  .rodata            const    0x0800439c     0x8  stm32f4_discovery.o [1]
  .text              ro code  0x080043a4     0x4  startup_stm32f4xx.o [1]
  .text              ro code  0x080043a8     0x4  startup_stm32f4xx.o [1]
  .text              ro code  0x080043ac     0x4  startup_stm32f4xx.o [1]
  .text              ro code  0x080043b0     0x4  startup_stm32f4xx.o [1]
  .text              ro code  0x080043b4     0x4  startup_stm32f4xx.o [1]
  .text              ro code  0x080043b8     0x4  startup_stm32f4xx.o [1]
  .text              ro code  0x080043bc     0x4  startup_stm32f4xx.o [1]
  .text              ro code  0x080043c0     0x4  startup_stm32f4xx.o [1]
  .text              ro code  0x080043c4     0x4  startup_stm32f4xx.o [1]
  .text              ro code  0x080043c8     0x4  startup_stm32f4xx.o [1]
  .text              ro code  0x080043cc     0x4  startup_stm32f4xx.o [1]
  .text              ro code  0x080043d0     0x4  startup_stm32f4xx.o [1]
  .text              ro code  0x080043d4     0x4  startup_stm32f4xx.o [1]
  .text              ro code  0x080043d8     0x4  startup_stm32f4xx.o [1]
  .text              ro code  0x080043dc     0x4  startup_stm32f4xx.o [1]
  .text              ro code  0x080043e0     0x4  startup_stm32f4xx.o [1]
  .text              ro code  0x080043e4     0x4  startup_stm32f4xx.o [1]
  .text              ro code  0x080043e8     0x4  startup_stm32f4xx.o [1]
  .text              ro code  0x080043ec     0x4  startup_stm32f4xx.o [1]
  .text              ro code  0x080043f0     0x4  startup_stm32f4xx.o [1]
  .text              ro code  0x080043f4     0x4  startup_stm32f4xx.o [1]
  .text              ro code  0x080043f8     0x4  startup_stm32f4xx.o [1]
  .text              ro code  0x080043fc     0x4  startup_stm32f4xx.o [1]
  .text              ro code  0x08004400     0x4  startup_stm32f4xx.o [1]
  .text              ro code  0x08004404     0x4  startup_stm32f4xx.o [1]
  .text              ro code  0x08004408     0x4  startup_stm32f4xx.o [1]
  .text              ro code  0x0800440c     0x4  startup_stm32f4xx.o [1]
  .text              ro code  0x08004410     0x4  startup_stm32f4xx.o [1]
  .text              ro code  0x08004414     0x4  startup_stm32f4xx.o [1]
  .text              ro code  0x08004418     0x4  startup_stm32f4xx.o [1]
  .text              ro code  0x0800441c     0x4  startup_stm32f4xx.o [1]
  .text              ro code  0x08004420     0x4  startup_stm32f4xx.o [1]
  .text              ro code  0x08004424     0x4  startup_stm32f4xx.o [1]
  .text              ro code  0x08004428     0x4  startup_stm32f4xx.o [1]
  .text              ro code  0x0800442c     0x4  startup_stm32f4xx.o [1]
  .text              ro code  0x08004430     0x4  startup_stm32f4xx.o [1]
  .text              ro code  0x08004434     0x4  startup_stm32f4xx.o [1]
  .text              ro code  0x08004438     0x4  startup_stm32f4xx.o [1]
  .text              ro code  0x0800443c     0x4  startup_stm32f4xx.o [1]
  .text              ro code  0x08004440     0x4  startup_stm32f4xx.o [1]
  .text              ro code  0x08004444     0x4  startup_stm32f4xx.o [1]
  .text              ro code  0x08004448     0x4  startup_stm32f4xx.o [1]
  .text              ro code  0x0800444c     0x4  startup_stm32f4xx.o [1]
  .text              ro code  0x08004450     0x4  startup_stm32f4xx.o [1]
  .text              ro code  0x08004454     0x4  startup_stm32f4xx.o [1]
  .text              ro code  0x08004458     0x4  startup_stm32f4xx.o [1]
  .text              ro code  0x0800445c     0x4  startup_stm32f4xx.o [1]
  .text              ro code  0x08004460     0x4  startup_stm32f4xx.o [1]
  .text              ro code  0x08004464     0x4  startup_stm32f4xx.o [1]
  .text              ro code  0x08004468     0x4  startup_stm32f4xx.o [1]
  .text              ro code  0x0800446c     0x4  startup_stm32f4xx.o [1]
  .text              ro code  0x08004470     0x4  startup_stm32f4xx.o [1]
  .text              ro code  0x08004474     0x4  startup_stm32f4xx.o [1]
  .text              ro code  0x08004478     0x4  startup_stm32f4xx.o [1]
  .text              ro code  0x0800447c     0x4  startup_stm32f4xx.o [1]
  .text              ro code  0x08004480     0x4  startup_stm32f4xx.o [1]
  .text              ro code  0x08004484     0x4  startup_stm32f4xx.o [1]
  .text              ro code  0x08004488     0x4  startup_stm32f4xx.o [1]
  .text              ro code  0x0800448c     0x4  startup_stm32f4xx.o [1]
  .text              ro code  0x08004490     0x4  startup_stm32f4xx.o [1]
  .text              ro code  0x08004494     0x4  startup_stm32f4xx.o [1]
  .text              ro code  0x08004498     0x4  startup_stm32f4xx.o [1]
  .text              ro code  0x0800449c     0x4  startup_stm32f4xx.o [1]
  .text              ro code  0x080044a0     0x4  startup_stm32f4xx.o [1]
  .text              ro code  0x080044a4     0x4  startup_stm32f4xx.o [1]
  .text              ro code  0x080044a8     0x4  startup_stm32f4xx.o [1]
  .text              ro code  0x080044ac     0x4  startup_stm32f4xx.o [1]
  .text              ro code  0x080044b0     0x4  startup_stm32f4xx.o [1]
  .text              ro code  0x080044b4     0x4  startup_stm32f4xx.o [1]
  .text              ro code  0x080044b8     0x4  startup_stm32f4xx.o [1]
  .text              ro code  0x080044bc     0x4  startup_stm32f4xx.o [1]
  .text              ro code  0x080044c0     0x4  startup_stm32f4xx.o [1]
  .text              ro code  0x080044c4     0x4  startup_stm32f4xx.o [1]
  .text              ro code  0x080044c8     0x4  startup_stm32f4xx.o [1]
  .text              ro code  0x080044cc     0x4  startup_stm32f4xx.o [1]
  .text              ro code  0x080044d0     0x4  startup_stm32f4xx.o [1]
  .text              ro code  0x080044d4     0x4  startup_stm32f4xx.o [1]
  .text              ro code  0x080044d8     0x4  startup_stm32f4xx.o [1]
  .text              ro code  0x080044dc     0x4  startup_stm32f4xx.o [1]
  .text              ro code  0x080044e0     0x4  startup_stm32f4xx.o [1]
  .text              ro code  0x080044e4     0x4  startup_stm32f4xx.o [1]
  .text              ro code  0x080044e8     0x4  startup_stm32f4xx.o [1]
  .text              ro code  0x080044ec     0x4  startup_stm32f4xx.o [1]
  .text              ro code  0x080044f0     0x4  startup_stm32f4xx.o [1]
  .text              ro code  0x080044f4     0x4  startup_stm32f4xx.o [1]
  .text              ro code  0x080044f8     0x4  startup_stm32f4xx.o [1]
  .text              ro code  0x080044fc     0x4  startup_stm32f4xx.o [1]
  .text              ro code  0x08004500     0x4  startup_stm32f4xx.o [1]
  .text              ro code  0x08004504     0x4  startup_stm32f4xx.o [1]
  .text              ro code  0x08004508     0x4  startup_stm32f4xx.o [1]
  .text              ro code  0x0800450c     0x4  startup_stm32f4xx.o [1]
  .rodata            const    0x08004510     0x0  zero_init3.o [5]
  .rodata            const    0x08004510     0x0  packbits_init3.o [5]
  Initializer bytes  ro data  0x08004510    0x37  <for P2 s0>
                            - 0x08004547  0x43bf

"P2", part 1 of 3:                         0x1dc
  P2 s0                       0x20000000   0x1d9  <Init block>
    .data            inited   0x20000000   0x194  main.o [1]
    .data            inited   0x20000194    0x20  main.o [1]
    .data            inited   0x200001b4    0x10  stm32f4_discovery.o [1]
    .data            inited   0x200001c4    0x10  stm32f4xx_rcc.o [1]
    .data            inited   0x200001d4     0x4  system_stm32f4xx.o [1]
    .data            inited   0x200001d8     0x1  HD44780.o [1]
                            - 0x200001d9   0x1d9

"P2", part 2 of 3:                         0x3dc
  .bss               zero     0x200001dc   0x330  main.o [1]
  .bss               zero     0x2000050c    0x3c  main.o [1]
  .bss               zero     0x20000548    0x18  main.o [1]
  .bss               zero     0x20000560    0x10  main.o [1]
  .bss               zero     0x20000570     0xc  GES_Solar_RTC.o [1]
  .bss               zero     0x2000057c     0xc  main.o [1]
  .bss               zero     0x20000588     0x4  GES_Solar_RTC.o [1]
  .bss               zero     0x2000058c     0x4  GES_Solar_RTC.o [1]
  .bss               zero     0x20000590     0x4  GES_Solar_RTC.o [1]
  .bss               zero     0x20000594     0x4  GES_Solar_RTC.o [1]
  .bss               zero     0x20000598     0x4  main.o [1]
  .bss               zero     0x2000059c     0x4  stm32f4xx_it.o [1]
  .bss               zero     0x200005a0     0x2  main.o [1]
  .bss               zero     0x200005a2     0x2  main.o [1]
  .bss               zero     0x200005a4     0x2  main.o [1]
  .bss               zero     0x200005a6     0x2  main.o [1]
  .bss               zero     0x200005a8     0x2  main.o [1]
  .bss               zero     0x200005aa     0x2  main.o [1]
  .bss               zero     0x200005ac     0x2  main.o [1]
  .bss               zero     0x200005ae     0x2  main.o [1]
  .bss               zero     0x200005b0     0x2  main.o [1]
  .bss               zero     0x200005b2     0x2  main.o [1]
                            - 0x200005b4   0x3d8

"P2", part 3 of 3:                         0x400
  CSTACK                      0x200005b8   0x400  <Block>
    CSTACK           uninit   0x200005b8   0x400  <Block tail>
                            - 0x200009b8   0x400


*******************************************************************************
*** INIT TABLE
***

          Address     Size
          -------     ----
Zero (__iar_zero_init3)
    1 destination range, total size 0x3d8:
          0x200001dc  0x3d8

Copy/packbits (__iar_packbits_init3)
    1 source range, total size 0x37 (11% of destination):
          0x08004510   0x37
    1 destination range, total size 0x1d9:
          0x20000000  0x1d9



*******************************************************************************
*** MODULE SUMMARY
***

    Module               ro code  ro data  rw data
    ------               -------  -------  -------
C:\Working\GES\MPPT\F4\stm32f4discovery_fw1\STM32F4-Discovery_FW_V1.1.0\Project\Peripheral_Examples\TIM_ComplementarySignals\EWARM\TIM_ComplementarySignals\Obj: [1]
    GES_Solar_RTC.o          528                28
    HD44780.o                652       17        1
    main.o                 3 284      358    1 388
    misc.o                   124
    startup_stm32f4xx.o      772
    stm32f4_discovery.o       40       10       16
    stm32f4xx_adc.o          472
    stm32f4xx_dma.o          532
    stm32f4xx_exti.o         164
    stm32f4xx_gpio.o         286
    stm32f4xx_it.o           292                 4
    stm32f4xx_pwr.o           12
    stm32f4xx_rcc.o          616        2       16
    stm32f4xx_rtc.o          900
    stm32f4xx_tim.o        1 576
    system_stm32f4xx.o       324                 4
    ----------------------------------------------
    Total:                10 574      387    1 457

command line: [2]
    ----------------------------------------------
    Total:

dl7M_tln.a: [3]
    div.o                     14
    exit.o                     4
    low_level_init.o           4
    printf.o                  36
    putchar.o                 40
    vsprintf.o                44
    xprintffull_nomb.o     3 278
    xprout.o                  22
    xsprout.o                 10
    ----------------------------------------------
    Total:                 3 452

m7M_tlv.a: [4]
    DblAdd.o                 212
    DblCmpGe.o                46
    DblCmpLe.o                46
    DblDiv.o                 582
    DblMul.o                 418
    DblSub.o                 384
    DblToI32.o                88
    FltToDbl.o                78
    I32ToDbl.o                48
    fpinit_M.o                26
    xdnorm.o                  66
    xdscale.o                276
    ----------------------------------------------
    Total:                 2 270

rt7M_tl.a: [5]
    ABImemcpy.o              118
    I64DivMod.o              238
    I64DivZer.o                2
    cexit.o                   10
    cmain.o                   22
    cstartup_M.o              12
    data_init3.o              40
    memchr.o                  88
    packbits_init3.o         166
    strchr.o                  22
    strlen.o                  54
    zero_init3.o              34
    ----------------------------------------------
    Total:                   806

shb_l.a: [6]
    dwrite.o                  30
    exit.o                    20
    iarwrite.o                34
    iarwstdswo.o              76
    write.o                   16
    ----------------------------------------------
    Total:                   176

    Gaps                      22        4
    Linker created                     44    1 024
--------------------------------------------------
    Grand Total:          17 300      435    2 481


*******************************************************************************
*** ENTRY LIST
***

Entry                      Address   Size  Type      Object
-----                      -------   ----  ----      ------
?main                   0x080042a1         Code  Gb  cmain.o [5]
ADC12DualConvertedBuff  0x200001dc  0x330  Data  Gb  main.o [1]
ADCRaw_avg              0x2000057c    0xc  Data  Gb  main.o [1]
ADC_Cmd                 0x08002367   0x1a  Code  Gb  stm32f4xx_adc.o [1]
ADC_CommonInit          0x08002345   0x22  Code  Gb  stm32f4xx_adc.o [1]
ADC_CommonInitStructure
                        0x20000560   0x10  Data  Gb  main.o [1]
ADC_DeInit              0x080022dd   0x18  Code  Gb  stm32f4xx_adc.o [1]
ADC_IRQHandler          0x08004411         Code  Wk  startup_stm32f4xx.o [1]
ADC_Init                0x080022f5   0x50  Code  Gb  stm32f4xx_adc.o [1]
ADC_InitStructure       0x20000548   0x18  Data  Gb  main.o [1]
ADC_MultiModeDMARequestAfterLastTransferCmd
                        0x08002481   0x22  Code  Gb  stm32f4xx_adc.o [1]
ADC_RegularChannelConfig
                        0x08002381   0xf6  Code  Gb  stm32f4xx_adc.o [1]
ADC_SoftwareStartConv   0x08002477    0xa  Code  Gb  stm32f4xx_adc.o [1]
APBAHBPrescTable        0x200001c4   0x10  Data  Lc  stm32f4xx_rcc.o [1]
Adc_enter_default_config
                        0x08000c35  0x152  Code  Gb  main.o [1]
BusFault_Handler        0x08003ec3    0x2  Code  Gb  stm32f4xx_it.o [1]
CAN1_RX0_IRQHandler     0x08004419         Code  Wk  startup_stm32f4xx.o [1]
CAN1_RX1_IRQHandler     0x0800441d         Code  Wk  startup_stm32f4xx.o [1]
CAN1_SCE_IRQHandler     0x08004421         Code  Wk  startup_stm32f4xx.o [1]
CAN1_TX_IRQHandler      0x08004415         Code  Wk  startup_stm32f4xx.o [1]
CAN2_RX0_IRQHandler     0x080044c9         Code  Wk  startup_stm32f4xx.o [1]
CAN2_RX1_IRQHandler     0x080044cd         Code  Wk  startup_stm32f4xx.o [1]
CAN2_SCE_IRQHandler     0x080044d1         Code  Wk  startup_stm32f4xx.o [1]
CAN2_TX_IRQHandler      0x080044c5         Code  Wk  startup_stm32f4xx.o [1]
CRYP_IRQHandler         0x08004505         Code  Wk  startup_stm32f4xx.o [1]
CSTACK$$Base            0x200005b8          --   Gb  - Linker created -
CSTACK$$Limit           0x200009b8          --   Gb  - Linker created -
CaptureNumber           0x2000058c    0x4  Data  Gb  GES_Solar_RTC.o [1]
Channel1Pulse           0x200005a2    0x2  Data  Gb  main.o [1]
Channel2Pulse           0x200005a4    0x2  Data  Gb  main.o [1]
Channel3Pulse           0x200005a6    0x2  Data  Gb  main.o [1]
Cpu_enter_default_config
                        0x08000959   0x36  Code  Gb  main.o [1]
DCMI_IRQHandler         0x08004501         Code  Wk  startup_stm32f4xx.o [1]
DMA1_Stream0_IRQHandler
                        0x080043f5         Code  Wk  startup_stm32f4xx.o [1]
DMA1_Stream1_IRQHandler
                        0x080043f9         Code  Wk  startup_stm32f4xx.o [1]
DMA1_Stream2_IRQHandler
                        0x080043fd         Code  Wk  startup_stm32f4xx.o [1]
DMA1_Stream3_IRQHandler
                        0x08004401         Code  Wk  startup_stm32f4xx.o [1]
DMA1_Stream4_IRQHandler
                        0x08004405         Code  Wk  startup_stm32f4xx.o [1]
DMA1_Stream5_IRQHandler
                        0x08004409         Code  Wk  startup_stm32f4xx.o [1]
DMA1_Stream6_IRQHandler
                        0x0800440d         Code  Wk  startup_stm32f4xx.o [1]
DMA1_Stream7_IRQHandler
                        0x08004485         Code  Wk  startup_stm32f4xx.o [1]
DMA2_Stream0_IRQHandler
                        0x08003f35    0x2  Code  Gb  stm32f4xx_it.o [1]
DMA2_Stream1_IRQHandler
                        0x080044ad         Code  Wk  startup_stm32f4xx.o [1]
DMA2_Stream2_IRQHandler
                        0x080044b1         Code  Wk  startup_stm32f4xx.o [1]
DMA2_Stream3_IRQHandler
                        0x080044b5         Code  Wk  startup_stm32f4xx.o [1]
DMA2_Stream4_IRQHandler
                        0x080044b9         Code  Wk  startup_stm32f4xx.o [1]
DMA2_Stream5_IRQHandler
                        0x080044d9         Code  Wk  startup_stm32f4xx.o [1]
DMA2_Stream6_IRQHandler
                        0x080044dd         Code  Wk  startup_stm32f4xx.o [1]
DMA2_Stream7_IRQHandler
                        0x080044e1         Code  Wk  startup_stm32f4xx.o [1]
DMA_Cmd                 0x08002263   0x1a  Code  Gb  stm32f4xx_dma.o [1]
DMA_DeInit              0x080020c9  0x142  Code  Gb  stm32f4xx_dma.o [1]
DMA_Init                0x0800220b   0x58  Code  Gb  stm32f4xx_dma.o [1]
DMA_InitStructure       0x2000050c   0x3c  Data  Gb  main.o [1]
DebugMon_Handler        0x08003ec7    0x2  Code  Gb  stm32f4xx_it.o [1]
DisableSolarCharger     0x08000c19   0x1c  Code  Gb  main.o [1]
DisplayLCD              0x080006d3  0x104  Code  Gb  main.o [1]
ETH_IRQHandler          0x080044bd         Code  Wk  startup_stm32f4xx.o [1]
ETH_WKUP_IRQHandler     0x080044c1         Code  Wk  startup_stm32f4xx.o [1]
EXTI0_IRQHandler        0x080043e1         Code  Wk  startup_stm32f4xx.o [1]
EXTI15_10_IRQHandler    0x08004469         Code  Wk  startup_stm32f4xx.o [1]
EXTI1_IRQHandler        0x080043e5         Code  Wk  startup_stm32f4xx.o [1]
EXTI2_IRQHandler        0x080043e9         Code  Wk  startup_stm32f4xx.o [1]
EXTI3_IRQHandler        0x080043ed         Code  Wk  startup_stm32f4xx.o [1]
EXTI4_IRQHandler        0x080043f1         Code  Wk  startup_stm32f4xx.o [1]
EXTI9_5_IRQHandler      0x08004425         Code  Wk  startup_stm32f4xx.o [1]
EXTI_ClearITPendingBit  0x080032f5    0x6  Code  Gb  stm32f4xx_exti.o [1]
EXTI_Init               0x0800326d   0x88  Code  Gb  stm32f4xx_exti.o [1]
EnableSolarCharger      0x08000bff   0x14  Code  Gb  main.o [1]
FLASH_IRQHandler        0x080043d9         Code  Wk  startup_stm32f4xx.o [1]
FPU_IRQHandler          0x0800450d         Code  Wk  startup_stm32f4xx.o [1]
FSMC_IRQHandler         0x08004489         Code  Wk  startup_stm32f4xx.o [1]
GPIO_Init               0x0800138d   0xaa  Code  Gb  stm32f4xx_gpio.o [1]
GPIO_PIN                0x0800439c    0x8  Data  Gb  stm32f4_discovery.o [1]
GPIO_PORT               0x200001b4   0x10  Data  Gb  stm32f4_discovery.o [1]
GPIO_PinAFConfig        0x08001451   0x5a  Code  Gb  stm32f4xx_gpio.o [1]
GPIO_ReadInputDataBit   0x08001437   0x1a  Code  Gb  stm32f4xx_gpio.o [1]
GetLSIFrequency         0x08001255   0xc8  Code  Gb  GES_Solar_RTC.o [1]
HASH_RNG_IRQHandler     0x08004509         Code  Wk  startup_stm32f4xx.o [1]
HardFault_Handler       0x08003ebf    0x2  Code  Gb  stm32f4xx_it.o [1]
I2C1_ER_IRQHandler      0x08004449         Code  Wk  startup_stm32f4xx.o [1]
I2C1_EV_IRQHandler      0x08004445         Code  Wk  startup_stm32f4xx.o [1]
I2C2_ER_IRQHandler      0x08004451         Code  Wk  startup_stm32f4xx.o [1]
I2C2_EV_IRQHandler      0x0800444d         Code  Wk  startup_stm32f4xx.o [1]
I2C3_ER_IRQHandler      0x080044ed         Code  Wk  startup_stm32f4xx.o [1]
I2C3_EV_IRQHandler      0x080044e9         Code  Wk  startup_stm32f4xx.o [1]
LCD_GotoXY              0x08000ff5   0x3e  Code  Gb  HD44780.o [1]
LCD_Init                0x08000ea9   0xa2  Code  Gb  HD44780.o [1]
LCD_Print               0x08001079   0x24  Code  Gb  HD44780.o [1]
LCD_SendByte            0x08000f4b   0x60  Code  Gb  HD44780.o [1]
LCD_SetData             0x08000fab   0x4a  Code  Gb  HD44780.o [1]
LCD_port_init           0x08000e5d   0x4c  Code  Gb  HD44780.o [1]
LCD_printf              0x0800109d   0x24  Code  Gb  HD44780.o [1]
LsiFreq                 0x20000588    0x4  Data  Gb  GES_Solar_RTC.o [1]
MPPTVars                0x20000194   0x20  Data  Gb  main.o [1]
MemManage_Handler       0x08003ec1    0x2  Code  Gb  stm32f4xx_it.o [1]
NMI_Handler             0x08003ebd    0x2  Code  Gb  stm32f4xx_it.o [1]
NVIC_Init               0x08003311   0x6a  Code  Gb  misc.o [1]
NVIC_SetPriority        0x0800117d   0x22  Code  Lc  GES_Solar_RTC.o [1]
NVIC_SetPriority        0x08000189   0x26  Code  Lc  main.o [1]
OTG_FS_IRQHandler       0x080044d5         Code  Wk  startup_stm32f4xx.o [1]
OTG_FS_WKUP_IRQHandler  0x08004471         Code  Wk  startup_stm32f4xx.o [1]
OTG_HS_EP1_IN_IRQHandler
                        0x080044f5         Code  Wk  startup_stm32f4xx.o [1]
OTG_HS_EP1_OUT_IRQHandler
                        0x080044f1         Code  Wk  startup_stm32f4xx.o [1]
OTG_HS_IRQHandler       0x080044fd         Code  Wk  startup_stm32f4xx.o [1]
OTG_HS_WKUP_IRQHandler  0x080044f9         Code  Wk  startup_stm32f4xx.o [1]
PVD_IRQHandler          0x080043cd         Code  Wk  startup_stm32f4xx.o [1]
PWM_Period              0x200005a0    0x2  Data  Gb  main.o [1]
PWR_BackupAccessCmd     0x08003261    0x8  Code  Gb  stm32f4xx_pwr.o [1]
PendSV_Handler          0x08003ecb    0x2  Code  Gb  stm32f4xx_it.o [1]
PeriodValue             0x20000590    0x4  Data  Gb  GES_Solar_RTC.o [1]
Ports_enter_default_config
                        0x08000995  0x114  Code  Gb  main.o [1]
RCC_AHB1PeriphClockCmd  0x0800197b   0x1e  Code  Gb  stm32f4xx_rcc.o [1]
RCC_APB1PeriphClockCmd  0x08001999   0x1e  Code  Gb  stm32f4xx_rcc.o [1]
RCC_APB1PeriphResetCmd  0x080019d5   0x1e  Code  Gb  stm32f4xx_rcc.o [1]
RCC_APB2PeriphClockCmd  0x080019b7   0x1e  Code  Gb  stm32f4xx_rcc.o [1]
RCC_APB2PeriphResetCmd  0x080019f3   0x1e  Code  Gb  stm32f4xx_rcc.o [1]
RCC_GetClocksFreq       0x08001843  0x100  Code  Gb  stm32f4xx_rcc.o [1]
RCC_GetFlagStatus       0x08001a11   0x50  Code  Gb  stm32f4xx_rcc.o [1]
RCC_IRQHandler          0x080043dd         Code  Wk  startup_stm32f4xx.o [1]
RCC_LSICmd              0x08001839    0xa  Code  Gb  stm32f4xx_rcc.o [1]
RCC_RTCCLKCmd           0x08001973    0x8  Code  Gb  stm32f4xx_rcc.o [1]
RCC_RTCCLKConfig        0x08001943   0x30  Code  Gb  stm32f4xx_rcc.o [1]
RTC_Alarm_IRQHandler    0x08003f37   0x26  Code  Gb  stm32f4xx_it.o [1]
RTC_Bcd2ToByte          0x08001821   0x18  Code  Lc  stm32f4xx_rtc.o [1]
RTC_ClearITPendingBit   0x080017ed   0x1e  Code  Gb  stm32f4xx_rtc.o [1]
RTC_Config              0x0800119f   0xb6  Code  Gb  GES_Solar_RTC.o [1]
RTC_EnterInitMode       0x08001529   0x5c  Code  Gb  stm32f4xx_rtc.o [1]
RTC_ExitInitMode        0x08001585   0x12  Code  Gb  stm32f4xx_rtc.o [1]
RTC_GetITStatus         0x080017a9   0x44  Code  Gb  stm32f4xx_rtc.o [1]
RTC_GetTime             0x08001601   0x52  Code  Gb  stm32f4xx_rtc.o [1]
RTC_ITConfig            0x08001755   0x54  Code  Gb  stm32f4xx_rtc.o [1]
RTC_Init                0x080014b5   0x74  Code  Gb  stm32f4xx_rtc.o [1]
RTC_InitStructure       0x20000570    0xc  Data  Gb  GES_Solar_RTC.o [1]
RTC_SetWakeUpCounter    0x0800168b   0x20  Code  Gb  stm32f4xx_rtc.o [1]
RTC_TimeStructure       0x20000594    0x4  Data  Gb  GES_Solar_RTC.o [1]
RTC_WKUP_IRQHandler     0x08003f5d   0x26  Code  Gb  stm32f4xx_it.o [1]
RTC_WaitForSynchro      0x08001597   0x6a  Code  Gb  stm32f4xx_rtc.o [1]
RTC_WakeUpClockConfig   0x08001653   0x38  Code  Gb  stm32f4xx_rtc.o [1]
RTC_WakeUpCmd           0x080016ab   0x88  Code  Gb  stm32f4xx_rtc.o [1]
RTC_to_default_state    0x0800131d   0x46  Code  Gb  GES_Solar_RTC.o [1]
Region$$Table$$Base     0x0800419c          --   Gb  - Linker created -
Region$$Table$$Limit    0x080041c8          --   Gb  - Linker created -
Reset_Handler           0x08004351         Code  Wk  startup_stm32f4xx.o [1]
SDIO_IRQHandler         0x0800448d         Code  Wk  startup_stm32f4xx.o [1]
SPI1_IRQHandler         0x08004455         Code  Wk  startup_stm32f4xx.o [1]
SPI2_IRQHandler         0x08004459         Code  Wk  startup_stm32f4xx.o [1]
SPI3_IRQHandler         0x08004495         Code  Wk  startup_stm32f4xx.o [1]
STM_EVAL_LEDToggle      0x08003fe1   0x20  Code  Gb  stm32f4_discovery.o [1]
SVC_Handler             0x08003ec9    0x2  Code  Gb  stm32f4xx_it.o [1]
SetSysClock             0x08003dbf   0xce  Code  Lc  system_stm32f4xx.o [1]
SolarCharger            0x20000000  0x194  Data  Gb  main.o [1]
SysTick_Config          0x080001af   0x38  Code  Lc  main.o [1]
SysTick_Handler         0x08003ecd   0x68  Code  Gb  stm32f4xx_it.o [1]
SystemCoreClock         0x200001d4    0x4  Data  Gb  system_stm32f4xx.o [1]
SystemInit              0x08003d79   0x46  Code  Gb  system_stm32f4xx.o [1]
TAMP_STAMP_IRQHandler   0x080043d1         Code  Wk  startup_stm32f4xx.o [1]
TI1_Config              0x08001fcd   0x38  Code  Lc  stm32f4xx_tim.o [1]
TI2_Config              0x08002005   0x42  Code  Lc  stm32f4xx_tim.o [1]
TI3_Config              0x08002047   0x40  Code  Lc  stm32f4xx_tim.o [1]
TI4_Config              0x08002087   0x42  Code  Lc  stm32f4xx_tim.o [1]
TIM1_BRK_TIM9_IRQHandler
                        0x08004429         Code  Wk  startup_stm32f4xx.o [1]
TIM1_CC_IRQHandler      0x08004435         Code  Wk  startup_stm32f4xx.o [1]
TIM1_TRG_COM_TIM11_IRQHandler
                        0x08004431         Code  Wk  startup_stm32f4xx.o [1]
TIM1_UP_TIM10_IRQHandler
                        0x0800442d         Code  Wk  startup_stm32f4xx.o [1]
TIM2_IRQHandler         0x08004439         Code  Wk  startup_stm32f4xx.o [1]
TIM3_IRQHandler         0x0800443d         Code  Wk  startup_stm32f4xx.o [1]
TIM4_IRQHandler         0x08004441         Code  Wk  startup_stm32f4xx.o [1]
TIM5_IRQHandler         0x08003f83   0x46  Code  Gb  stm32f4xx_it.o [1]
TIM6_DAC_IRQHandler     0x080044a1         Code  Wk  startup_stm32f4xx.o [1]
TIM7_IRQHandler         0x080044a5         Code  Wk  startup_stm32f4xx.o [1]
TIM8_BRK_TIM12_IRQHandler
                        0x08004475         Code  Wk  startup_stm32f4xx.o [1]
TIM8_CC_IRQHandler      0x08004481         Code  Wk  startup_stm32f4xx.o [1]
TIM8_TRG_COM_TIM14_IRQHandler
                        0x0800447d         Code  Wk  startup_stm32f4xx.o [1]
TIM8_UP_TIM13_IRQHandler
                        0x08004479         Code  Wk  startup_stm32f4xx.o [1]
TIM_BDTRConfig          0x08001f35   0x20  Code  Gb  stm32f4xx_tim.o [1]
TIM_ClearITPendingBit   0x08001fbf    0x8  Code  Gb  stm32f4xx_tim.o [1]
TIM_Cmd                 0x08001c91   0x1c  Code  Gb  stm32f4xx_tim.o [1]
TIM_CtrlPWMOutputs      0x08001f55   0x22  Code  Gb  stm32f4xx_tim.o [1]
TIM_DeInit              0x08001aa1  0x17c  Code  Gb  stm32f4xx_tim.o [1]
TIM_GetCapture4         0x08001ee5    0x4  Code  Gb  stm32f4xx_tim.o [1]
TIM_GetITStatus         0x08001f8d   0x32  Code  Gb  stm32f4xx_tim.o [1]
TIM_ICInit              0x08001e75   0x70  Code  Gb  stm32f4xx_tim.o [1]
TIM_ITConfig            0x08001f77   0x16  Code  Gb  stm32f4xx_tim.o [1]
TIM_OC1Init             0x08001cad   0x7e  Code  Gb  stm32f4xx_tim.o [1]
TIM_OC2Init             0x08001d2b   0x8c  Code  Gb  stm32f4xx_tim.o [1]
TIM_OC3Init             0x08001db7   0x8a  Code  Gb  stm32f4xx_tim.o [1]
TIM_PrescalerConfig     0x08001c87    0x6  Code  Gb  stm32f4xx_tim.o [1]
TIM_RemapConfig         0x08001fc7    0x6  Code  Gb  stm32f4xx_tim.o [1]
TIM_SetCounter          0x08001c8d    0x4  Code  Gb  stm32f4xx_tim.o [1]
TIM_SetIC1Prescaler     0x08001ee9   0x12  Code  Gb  stm32f4xx_tim.o [1]
TIM_SetIC2Prescaler     0x08001efb   0x14  Code  Gb  stm32f4xx_tim.o [1]
TIM_SetIC3Prescaler     0x08001f0f   0x12  Code  Gb  stm32f4xx_tim.o [1]
TIM_SetIC4Prescaler     0x08001f21   0x14  Code  Gb  stm32f4xx_tim.o [1]
TIM_TimeBaseInit        0x08001c1d   0x6a  Code  Gb  stm32f4xx_tim.o [1]
Timers_enter_default_config
                        0x08000ab9  0x146  Code  Gb  main.o [1]
UART4_IRQHandler        0x08004499         Code  Wk  startup_stm32f4xx.o [1]
UART5_IRQHandler        0x0800449d         Code  Wk  startup_stm32f4xx.o [1]
USART1_IRQHandler       0x0800445d         Code  Wk  startup_stm32f4xx.o [1]
USART2_IRQHandler       0x08004461         Code  Wk  startup_stm32f4xx.o [1]
USART3_IRQHandler       0x08004465         Code  Wk  startup_stm32f4xx.o [1]
USART6_IRQHandler       0x080044e5         Code  Wk  startup_stm32f4xx.o [1]
UsageFault_Handler      0x08003ec5    0x2  Code  Gb  stm32f4xx_it.o [1]
WWDG_IRQHandler         0x080043c9         Code  Wk  startup_stm32f4xx.o [1]
_GenldFullNoMb          0x08002fb1  0x266  Code  Lc  xprintffull_nomb.o [3]
_LdtobFullNoMb          0x08002bb1  0x3fa  Code  Lc  xprintffull_nomb.o [3]
_LitobFullNoMb          0x08002a9b  0x10e  Code  Lc  xprintffull_nomb.o [3]
_PrintfFullNoMb         0x08002591  0x504  Code  Gb  xprintffull_nomb.o [3]
_Prout                  0x080042e1   0x16  Code  Gb  xprout.o [3]
_PutcharsFullNoMb       0x08003217   0x2e  Code  Lc  xprintffull_nomb.o [3]
_SProut                 0x080014ab    0xa  Code  Gb  xsprout.o [3]
__aeabi_cdcmple         0x0800352d         Code  Gb  DblCmpLe.o [4]
__aeabi_cdrcmple        0x0800355d         Code  Gb  DblCmpGe.o [4]
__aeabi_d2iz            0x080036a1         Code  Gb  DblToI32.o [4]
__aeabi_d2uiz           0x080036cd         Code  Gb  DblToI32.o [4]
__aeabi_ddiv            0x08003a4d         Code  Gb  DblDiv.o [4]
__aeabi_dmul            0x080038a9         Code  Gb  DblMul.o [4]
__aeabi_dsub            0x08003729         Code  Gb  DblSub.o [4]
__aeabi_f2d             0x0800110d         Code  Gb  FltToDbl.o [4]
__aeabi_i2d             0x080036f9         Code  Gb  I32ToDbl.o [4]
__aeabi_ldiv0           0x08003ca1         Code  Gb  I64DivZer.o [5]
__aeabi_memcpy          0x080024b5         Code  Gb  ABImemcpy.o [5]
__aeabi_memcpy4         0x080024d5         Code  Gb  ABImemcpy.o [5]
__aeabi_memcpy8         0x080024d5         Code  Gb  ABImemcpy.o [5]
__aeabi_ui2d            0x0800370d         Code  Gb  I32ToDbl.o [4]
__aeabi_uldivmod        0x080033fd         Code  Gb  I64DivMod.o [5]
__cmain                 0x080042a1         Code  Gb  cmain.o [5]
__dwrite                0x08004135   0x1e  Code  Gb  dwrite.o [6]
__exit                  0x080042cd   0x14  Code  Gb  exit.o [6]
__iar_Dnorm             0x080034eb   0x42  Code  Gb  xdnorm.o [4]
__iar_Dscale            0x0800358d  0x114  Code  Gb  xdscale.o [4]
__iar_Memchr            0x080033a5         Code  Gb  memchr.o [5]
__iar_Strchr            0x0800338d         Code  Gb  strchr.o [5]
__iar_d2uiz             0x080036d9         Code  Gb  DblToI32.o [4]
__iar_dadd              0x08003ca5         Code  Gb  DblAdd.o [4]
__iar_data_init3        0x08004175   0x28  Code  Gb  data_init3.o [5]
__iar_dsub              0x0800373d         Code  Gb  DblSub.o [4]
__iar_dsubStart         0x0800374f         Code  Gb  DblSub.o [4]
__iar_init_vfp          0x0800423d         Code  Gb  fpinit_M.o [4]
__iar_packbits_init3    0x08004009   0xa6  Code  Gb  packbits_init3.o [5]
__iar_program_start     0x08004391         Code  Gb  cstartup_M.o [5]
__iar_sh_stdout_swo     0x080040b1   0x4c  Code  Gb  iarwstdswo.o [6]
__iar_sh_write          0x08004153   0x22  Code  Gb  iarwrite.o [6]
__iar_ui2d              0x08003711         Code  Gb  I32ToDbl.o [4]
__iar_zero_init3        0x0800115b   0x22  Code  Gb  zero_init3.o [5]
__low_level_init        0x080042b7    0x4  Code  Gb  low_level_init.o [3]
__vector_table          0x08000000         Data  Gb  startup_stm32f4xx.o [1]
__write                 0x08004125   0x10  Code  Gb  write.o [6]
_call_main              0x080042ad         Code  Gb  cmain.o [5]
_delay_ms               0x080010c1   0x16  Code  Gb  HD44780.o [1]
_delay_us               0x080010d9   0x10  Code  Gb  HD44780.o [1]
_exit                   0x080042c1         Code  Gb  cexit.o [5]
_main                   0x080042b3         Code  Gb  cmain.o [5]
_numlines               0x200001d8    0x1  Data  Gb  HD44780.o [1]
cal_adc                 0x08000849  0x10c  Code  Gb  main.o [1]
current_PWM             0x200005aa    0x2  Data  Gb  main.o [1]
div                     0x08003c93    0xe  Code  Gb  div.o [3]
down_PWM                0x200005ae    0x2  Data  Gb  main.o [1]
downdown_PWM            0x200005b2    0x2  Data  Gb  main.o [1]
exit                    0x080042bb    0x4  Code  Gb  exit.o [3]
find_global_MPPT_point  0x08000225   0xbc  Code  Gb  main.o [1]
find_local_MPPT_point   0x080002e1  0x190  Code  Gb  main.o [1]
get_current_feedback    0x080001e9   0x3c  Code  Gb  main.o [1]
main                    0x08000479  0x25a  Code  Gb  main.o [1]
memchr                  0x080033a5         Code  Gb  memchr.o [5]
msTicks                 0x200005a8    0x2  Data  Gb  main.o [1]
printf                  0x080010e9   0x24  Code  Gb  printf.o [3]
putchar                 0x080040fd   0x28  Code  Gb  putchar.o [3]
set_PWM_charger         0x080007d7   0x66  Code  Gb  main.o [1]
strchr                  0x0800338d         Code  Gb  strchr.o [5]
strlen                  0x0800252d         Code  Gb  strlen.o [5]
testPoint               0x20000598    0x4  Data  Gb  main.o [1]
tmpCC4                  0x2000059c    0x4  Data  Gb  stm32f4xx_it.o [1]
up_PWM                  0x200005ac    0x2  Data  Gb  main.o [1]
upup_PWM                0x200005b0    0x2  Data  Gb  main.o [1]
vsprintf                0x08002565   0x2c  Code  Gb  vsprintf.o [3]


[1] = C:\Working\GES\MPPT\F4\stm32f4discovery_fw1\STM32F4-Discovery_FW_V1.1.0\Project\Peripheral_Examples\TIM_ComplementarySignals\EWARM\TIM_ComplementarySignals\Obj
[2] = command line
[3] = dl7M_tln.a
[4] = m7M_tlv.a
[5] = rt7M_tl.a
[6] = shb_l.a

  17 300 bytes of readonly  code memory
     435 bytes of readonly  data memory
   2 481 bytes of readwrite data memory

Errors: none
Warnings: none
